Component: ARM Compiler 5.06 update 7 (build 960) Tool: armlink [4d3601]

==============================================================================

Section Cross References

    startup_stm32f10x_md.o(STACK) refers (Special) to heapauxi.o(.text) for __use_two_region_memory
    startup_stm32f10x_md.o(HEAP) refers (Special) to heapauxi.o(.text) for __use_two_region_memory
    startup_stm32f10x_md.o(RESET) refers (Special) to heapauxi.o(.text) for __use_two_region_memory
    startup_stm32f10x_md.o(RESET) refers to startup_stm32f10x_md.o(STACK) for __initial_sp
    startup_stm32f10x_md.o(RESET) refers to startup_stm32f10x_md.o(.text) for Reset_Handler
    startup_stm32f10x_md.o(RESET) refers to stm32f10x_it.o(i.NMI_Handler) for NMI_Handler
    startup_stm32f10x_md.o(RESET) refers to stm32f10x_it.o(i.HardFault_Handler) for HardFault_Handler
    startup_stm32f10x_md.o(RESET) refers to stm32f10x_it.o(i.MemManage_Handler) for MemManage_Handler
    startup_stm32f10x_md.o(RESET) refers to stm32f10x_it.o(i.BusFault_Handler) for BusFault_Handler
    startup_stm32f10x_md.o(RESET) refers to stm32f10x_it.o(i.UsageFault_Handler) for UsageFault_Handler
    startup_stm32f10x_md.o(RESET) refers to stm32f10x_it.o(i.SVC_Handler) for SVC_Handler
    startup_stm32f10x_md.o(RESET) refers to stm32f10x_it.o(i.DebugMon_Handler) for DebugMon_Handler
    startup_stm32f10x_md.o(RESET) refers to stm32f10x_it.o(i.PendSV_Handler) for PendSV_Handler
    startup_stm32f10x_md.o(RESET) refers to stm32f10x_it.o(i.SysTick_Handler) for SysTick_Handler
    startup_stm32f10x_md.o(RESET) refers to stm32f10x_it.o(i.TIM2_IRQHandler) for TIM2_IRQHandler
    startup_stm32f10x_md.o(RESET) refers to stm32f10x_it.o(i.USART1_IRQHandler) for USART1_IRQHandler
    startup_stm32f10x_md.o(RESET) refers to stm32f10x_it.o(i.USART2_IRQHandler) for USART2_IRQHandler
    startup_stm32f10x_md.o(.text) refers (Special) to heapauxi.o(.text) for __use_two_region_memory
    startup_stm32f10x_md.o(.text) refers to system_stm32f10x.o(i.SystemInit) for SystemInit
    startup_stm32f10x_md.o(.text) refers to __main.o(!!!main) for __main
    startup_stm32f10x_md.o(.text) refers to startup_stm32f10x_md.o(HEAP) for Heap_Mem
    startup_stm32f10x_md.o(.text) refers to startup_stm32f10x_md.o(STACK) for Stack_Mem
    system_stm32f10x.o(i.SetSysClock) refers to system_stm32f10x.o(i.SetSysClockTo72) for SetSysClockTo72
    system_stm32f10x.o(i.SystemCoreClockUpdate) refers to system_stm32f10x.o(.data) for SystemCoreClock
    system_stm32f10x.o(i.SystemInit) refers to system_stm32f10x.o(i.SetSysClock) for SetSysClock
    stm32f10x_adc.o(i.ADC_DeInit) refers to stm32f10x_rcc.o(i.RCC_APB2PeriphResetCmd) for RCC_APB2PeriphResetCmd
    stm32f10x_bkp.o(i.BKP_DeInit) refers to stm32f10x_rcc.o(i.RCC_BackupResetCmd) for RCC_BackupResetCmd
    stm32f10x_can.o(i.CAN_DeInit) refers to stm32f10x_rcc.o(i.RCC_APB1PeriphResetCmd) for RCC_APB1PeriphResetCmd
    stm32f10x_can.o(i.CAN_GetITStatus) refers to stm32f10x_can.o(i.CheckITStatus) for CheckITStatus
    stm32f10x_cec.o(i.CEC_DeInit) refers to stm32f10x_rcc.o(i.RCC_APB1PeriphResetCmd) for RCC_APB1PeriphResetCmd
    stm32f10x_dac.o(i.DAC_DeInit) refers to stm32f10x_rcc.o(i.RCC_APB1PeriphResetCmd) for RCC_APB1PeriphResetCmd
    stm32f10x_flash.o(i.FLASH_EnableWriteProtection) refers to stm32f10x_flash.o(i.FLASH_WaitForLastOperation) for FLASH_WaitForLastOperation
    stm32f10x_flash.o(i.FLASH_EraseAllBank1Pages) refers to stm32f10x_flash.o(i.FLASH_WaitForLastBank1Operation) for FLASH_WaitForLastBank1Operation
    stm32f10x_flash.o(i.FLASH_EraseAllPages) refers to stm32f10x_flash.o(i.FLASH_WaitForLastOperation) for FLASH_WaitForLastOperation
    stm32f10x_flash.o(i.FLASH_EraseOptionBytes) refers to stm32f10x_flash.o(i.FLASH_GetReadOutProtectionStatus) for FLASH_GetReadOutProtectionStatus
    stm32f10x_flash.o(i.FLASH_EraseOptionBytes) refers to stm32f10x_flash.o(i.FLASH_WaitForLastOperation) for FLASH_WaitForLastOperation
    stm32f10x_flash.o(i.FLASH_ErasePage) refers to stm32f10x_flash.o(i.FLASH_WaitForLastOperation) for FLASH_WaitForLastOperation
    stm32f10x_flash.o(i.FLASH_ProgramHalfWord) refers to stm32f10x_flash.o(i.FLASH_WaitForLastOperation) for FLASH_WaitForLastOperation
    stm32f10x_flash.o(i.FLASH_ProgramOptionByteData) refers to stm32f10x_flash.o(i.FLASH_WaitForLastOperation) for FLASH_WaitForLastOperation
    stm32f10x_flash.o(i.FLASH_ProgramWord) refers to stm32f10x_flash.o(i.FLASH_WaitForLastOperation) for FLASH_WaitForLastOperation
    stm32f10x_flash.o(i.FLASH_ReadOutProtection) refers to stm32f10x_flash.o(i.FLASH_WaitForLastOperation) for FLASH_WaitForLastOperation
    stm32f10x_flash.o(i.FLASH_UserOptionByteConfig) refers to stm32f10x_flash.o(i.FLASH_WaitForLastOperation) for FLASH_WaitForLastOperation
    stm32f10x_flash.o(i.FLASH_WaitForLastBank1Operation) refers to stm32f10x_flash.o(i.FLASH_GetBank1Status) for FLASH_GetBank1Status
[...]
    Removing stm32f10x_tim.o(i.TIM_OC2FastConfig), (26 bytes).
    Removing stm32f10x_tim.o(i.TIM_OC2Init), (164 bytes).
    Removing stm32f10x_tim.o(i.TIM_OC2NPolarityConfig), (26 bytes).
    Removing stm32f10x_tim.o(i.TIM_OC2PolarityConfig), (26 bytes).
    Removing stm32f10x_tim.o(i.TIM_OC2PreloadConfig), (26 bytes).
    Removing stm32f10x_tim.o(i.TIM_OC3FastConfig), (18 bytes).
    Removing stm32f10x_tim.o(i.TIM_OC3NPolarityConfig), (26 bytes).
    Removing stm32f10x_tim.o(i.TIM_OC3PolarityConfig), (26 bytes).
    Removing stm32f10x_tim.o(i.TIM_OC4FastConfig), (26 bytes).
    Removing stm32f10x_tim.o(i.TIM_OC4PolarityConfig), (26 bytes).
    Removing stm32f10x_tim.o(i.TIM_OCStructInit), (20 bytes).
    Removing stm32f10x_tim.o(i.TIM_PWMIConfig), (124 bytes).
    Removing stm32f10x_tim.o(i.TIM_PrescalerConfig), (6 bytes).
    Removing stm32f10x_tim.o(i.TIM_SelectCCDMA), (24 bytes).
    Removing stm32f10x_tim.o(i.TIM_SelectCOM), (24 bytes).
    Removing stm32f10x_tim.o(i.TIM_SelectHallSensor), (24 bytes).
    Removing stm32f10x_tim.o(i.TIM_SelectInputTrigger), (18 bytes).
    Removing stm32f10x_tim.o(i.TIM_SelectMasterSlaveMode), (18 bytes).
    Removing stm32f10x_tim.o(i.TIM_SelectOCxM), (82 bytes).
    Removing stm32f10x_tim.o(i.TIM_SelectOnePulseMode), (18 bytes).
    Removing stm32f10x_tim.o(i.TIM_SelectOutputTrigger), (18 bytes).
    Removing stm32f10x_tim.o(i.TIM_SelectSlaveMode), (18 bytes).
    Removing stm32f10x_tim.o(i.TIM_SetClockDivision), (18 bytes).
    Removing stm32f10x_tim.o(i.TIM_SetCompare1), (4 bytes).
    Removing stm32f10x_tim.o(i.TIM_SetCompare2), (4 bytes).
    Removing stm32f10x_tim.o(i.TIM_SetCounter), (4 bytes).
    Removing stm32f10x_tim.o(i.TIM_SetIC1Prescaler), (18 bytes).
    Removing stm32f10x_tim.o(i.TIM_SetIC2Prescaler), (26 bytes).
    Removing stm32f10x_tim.o(i.TIM_SetIC3Prescaler), (18 bytes).
    Removing stm32f10x_tim.o(i.TIM_SetIC4Prescaler), (26 bytes).
    Removing stm32f10x_tim.o(i.TIM_TIxExternalClockConfig), (62 bytes).
    Removing stm32f10x_tim.o(i.TIM_TimeBaseStructInit), (18 bytes).
    Removing stm32f10x_tim.o(i.TIM_UpdateDisableConfig), (24 bytes).
    Removing stm32f10x_tim.o(i.TIM_UpdateRequestConfig), (24 bytes).
    Removing stm32f10x_usart.o(i.USART_ClearFlag), (18 bytes).
    Removing stm32f10x_usart.o(i.USART_ClockInit), (34 bytes).
    Removing stm32f10x_usart.o(i.USART_ClockStructInit), (12 bytes).
    Removing stm32f10x_usart.o(i.USART_DMACmd), (18 bytes).
    Removing stm32f10x_usart.o(i.USART_DeInit), (156 bytes).
    Removing stm32f10x_usart.o(i.USART_GetFlagStatus), (26 bytes).
    Removing stm32f10x_usart.o(i.USART_HalfDuplexCmd), (24 bytes).
    Removing stm32f10x_usart.o(i.USART_IrDACmd), (24 bytes).
    Removing stm32f10x_usart.o(i.USART_IrDAConfig), (18 bytes).
    Removing stm32f10x_usart.o(i.USART_LINBreakDetectLengthConfig), (18 bytes).
    Removing stm32f10x_usart.o(i.USART_LINCmd), (24 bytes).
    Removing stm32f10x_usart.o(i.USART_OneBitMethodCmd), (24 bytes).
    Removing stm32f10x_usart.o(i.USART_OverSampling8Cmd), (22 bytes).
    Removing stm32f10x_usart.o(i.USART_ReceiverWakeUpCmd), (24 bytes).
    Removing stm32f10x_usart.o(i.USART_SendBreak), (10 bytes).
    Removing stm32f10x_usart.o(i.USART_SendData), (8 bytes).
    Removing stm32f10x_usart.o(i.USART_SetAddress), (18 bytes).
    Removing stm32f10x_usart.o(i.USART_SetGuardTime), (16 bytes).
    Removing stm32f10x_usart.o(i.USART_SetPrescaler), (16 bytes).
    Removing stm32f10x_usart.o(i.USART_SmartCardCmd), (24 bytes).
    Removing stm32f10x_usart.o(i.USART_SmartCardNACKCmd), (24 bytes).
    Removing stm32f10x_usart.o(i.USART_StructInit), (24 bytes).
    Removing stm32f10x_usart.o(i.USART_WakeUpConfig), (18 bytes).
    Removing stm32f10x_wwdg.o(i.WWDG_ClearFlag), (12 bytes).
    Removing stm32f10x_wwdg.o(i.WWDG_DeInit), (22 bytes).
    Removing stm32f10x_wwdg.o(i.WWDG_Enable), (16 bytes).
    Removing stm32f10x_wwdg.o(i.WWDG_EnableIT), (12 bytes).
    Removing stm32f10x_wwdg.o(i.WWDG_GetFlagStatus), (12 bytes).
    Removing stm32f10x_wwdg.o(i.WWDG_SetCounter), (16 bytes).
    Removing stm32f10x_wwdg.o(i.WWDG_SetPrescaler), (24 bytes).
    Removing stm32f10x_wwdg.o(i.WWDG_SetWindowValue), (40 bytes).
    Removing main.o(.bss), (30 bytes).
    Removing main.o(.data), (36 bytes).
    Removing bsp_led.o(i.assert_failed), (16 bytes).
    Removing bsp_systick.o(i.SysTick_Delay_Ms), (72 bytes).
    Removing bsp_systick.o(i.SysTick_Init), (48 bytes).
    Removing bsp_usart.o(i.Usart_SendByte), (30 bytes).
    Removing bsp_usart.o(i.Usart_SendHalfWord), (60 bytes).
    Removing bsp_usart.o(i.Usart_SendString), (40 bytes).
    Removing bsp_usart.o(i.fputc), (28 bytes).
    Removing bsp_genneraltim.o(i.GENNERAL_TIM_OFF), (14 bytes).
    Removing bsp_genneraltim.o(i.GENNERAL_TIM_ON), (12 bytes).
    Removing bsp_system.o(.emb_text), (6 bytes).
    Removing bsp_system.o(i.INTX_DISABLE), (4 bytes).
    Removing bsp_system.o(i.INTX_ENABLE), (4 bytes).
    Removing bsp_system.o(i.WFI_SET), (4 bytes).
    Removing bsp_system.o(.data), (4 bytes).

459 unused section(s) (total 17478 bytes) removed from the image.

==============================================================================

Image Symbol Table

    Local Symbols

    Symbol Name                              Value     Ov Type        Size  Object(Section)

    ../clib/angel/boardlib.s                 0x00000000   Number         0  boardinit1.o ABSOLUTE
    ../clib/angel/boardlib.s                 0x00000000   Number         0  boardinit2.o ABSOLUTE
    ../clib/angel/boardlib.s                 0x00000000   Number         0  boardinit3.o ABSOLUTE
    ../clib/angel/boardlib.s                 0x00000000   Number         0  boardshut.o ABSOLUTE
    ../clib/angel/handlers.s                 0x00000000   Number         0  __scatter_zi.o ABSOLUTE
    ../clib/angel/handlers.s                 0x00000000   Number         0  __scatter_copy.o ABSOLUTE
    ../clib/angel/kernel.s                   0x00000000   Number         0  __rtentry4.o ABSOLUTE
    ../clib/angel/kernel.s                   0x00000000   Number         0  __rtentry2.o ABSOLUTE
    ../clib/angel/kernel.s                   0x00000000   Number         0  rtexit2.o ABSOLUTE
    ../clib/angel/kernel.s                   0x00000000   Number         0  __rtentry.o ABSOLUTE
    ../clib/angel/kernel.s                   0x00000000   Number         0  rtexit.o ABSOLUTE
    ../clib/angel/rt.s                       0x00000000   Number         0  rt_ctype_table.o ABSOLUTE
    ../clib/angel/rt.s                       0x00000000   Number         0  rt_errno_addr_intlibspace.o ABSOLUTE
    ../clib/angel/rt.s                       0x00000000   Number         0  rt_errno_addr.o ABSOLUTE
    ../clib/angel/rt.s                       0x00000000   Number         0  rt_raise.o ABSOLUTE
    ../clib/angel/rt.s                       0x00000000   Number         0  rt_locale_intlibspace.o ABSOLUTE
    ../clib/angel/rt.s                       0x00000000   Number         0  rt_locale.o ABSOLUTE
    ../clib/angel/scatter.s                  0x00000000   Number         0  __scatter.o ABSOLUTE
    ../clib/angel/startup.s                  0x00000000   Number         0  __main.o ABSOLUTE
    ../clib/angel/sys.s                      0x00000000   Number         0  libspace.o ABSOLUTE
    ../clib/angel/sys.s                      0x00000000   Number         0  use_no_semi.o ABSOLUTE
    ../clib/angel/sys.s                      0x00000000   Number         0  use_no_semi_2.o ABSOLUTE
    ../clib/angel/sys.s                      0x00000000   Number         0  indicate_semi.o ABSOLUTE
    ../clib/angel/sys.s                      0x00000000   Number         0  sys_stackheap_outer.o ABSOLUTE
    ../clib/angel/sysapp.c                   0x00000000   Number         0  sys_command.o ABSOLUTE
    ../clib/angel/sysapp.c                   0x00000000   Number         0  sys_wrch.o ABSOLUTE
    ../clib/armsys.c                         0x00000000   Number         0  argv_veneer.o ABSOLUTE
    ../clib/armsys.c                         0x00000000   Number         0  no_argv.o ABSOLUTE
    ../clib/armsys.c                         0x00000000   Number         0  argv_veneer.o ABSOLUTE
    ../clib/armsys.c                         0x00000000   Number         0  _get_argv_nomalloc.o ABSOLUTE
    ../clib/heapalloc.c                      0x00000000   Number         0  hrguard.o ABSOLUTE
    ../clib/heapaux.c                        0x00000000   Number         0  heapauxi.o ABSOLUTE
    ../clib/libinit.s                        0x00000000   Number         0  libshutdown.o ABSOLUTE
    ../clib/libinit.s                        0x00000000   Number         0  libinit2.o ABSOLUTE
    ../clib/libinit.s                        0x00000000   Number         0  libshutdown2.o ABSOLUTE
    ../clib/libinit.s                        0x00000000   Number         0  libinit.o ABSOLUTE
    ../clib/locale.s                         0x00000000   Number         0  lc_ctype_c.o ABSOLUTE
    ../clib/memcpset.s                       0x00000000   Number         0  strcmpv7m.o ABSOLUTE
    ../clib/scanf.c                          0x00000000   Number         0  _chval.o ABSOLUTE
    ../clib/scanf.c                          0x00000000   Number         0  strtol.o ABSOLUTE
    ../clib/scanf.c                          0x00000000   Number         0  atol.o ABSOLUTE
    ../clib/scanf.c                          0x00000000   Number         0  _strtoul.o ABSOLUTE
    ../clib/signal.c                         0x00000000   Number         0  defsig_stak_inner.o ABSOLUTE
    ../clib/signal.c                         0x00000000   Number         0  defsig_rtred_inner.o ABSOLUTE
    ../clib/signal.c                         0x00000000   Number         0  defsig_fpe_inner.o ABSOLUTE
    ../clib/signal.c                         0x00000000   Number         0  defsig_abrt_inner.o ABSOLUTE
    ../clib/signal.c                         0x00000000   Number         0  defsig_general.o ABSOLUTE
    ../clib/signal.c                         0x00000000   Number         0  __raise.o ABSOLUTE
    ../clib/signal.c                         0x00000000   Number         0  defsig_exit.o ABSOLUTE
    ../clib/signal.c                         0x00000000   Number         0  defsig_rtmem_formal.o ABSOLUTE
    ../clib/signal.c                         0x00000000   Number         0  defsig_rtmem_outer.o ABSOLUTE
    ../clib/signal.c                         0x00000000   Number         0  defsig_cppl_inner.o ABSOLUTE
    ../clib/signal.c                         0x00000000   Number         0  defsig_other.o ABSOLUTE
    ../clib/signal.c                         0x00000000   Number         0  defsig_segv_inner.o ABSOLUTE
    ../clib/signal.c                         0x00000000   Number         0  defsig_rtmem_inner.o ABSOLUTE
    ../clib/signal.c                         0x00000000   Number         0  defsig_pvfn_inner.o ABSOLUTE
    ../clib/signal.s                         0x00000000   Number         0  defsig.o ABSOLUTE
    ../clib/stdlib.c                         0x00000000   Number         0  exit.o ABSOLUTE
    ../clib/string.c                         0x00000000   Number         0  strchr.o ABSOLUTE
    ../clib/string.c                         0x00000000   Number         0  strncmp.o ABSOLUTE
    ../fplib/fpinit.s                        0x00000000   Number         0  fpinit.o ABSOLUTE
    ..\Libraries\CMSIS\core_cm3.c            0x00000000   Number         0  core_cm3.o ABSOLUTE
    ..\Libraries\CMSIS\startup\startup_stm32f10x_md.s 0x00000000   Number         0  startup_stm32f10x_md.o ABSOLUTE
    ..\Libraries\CMSIS\system_stm32f10x.c    0x00000000   Number         0  system_stm32f10x.o ABSOLUTE
    ..\Libraries\STM32F10x_StdPeriph_Driver\src\misc.c 0x00000000   Number         0  misc.o ABSOLUTE
    ..\Libraries\STM32F10x_StdPeriph_Driver\src\stm32f10x_adc.c 0x00000000   Number         0  stm32f10x_adc.o ABSOLUTE
    ..\Libraries\STM32F10x_StdPeriph_Driver\src\stm32f10x_bkp.c 0x00000000   Number         0  stm32f10x_bkp.o ABSOLUTE
    ..\Libraries\STM32F10x_StdPeriph_Driver\src\stm32f10x_can.c 0x00000000   Number         0  stm32f10x_can.o ABSOLUTE
    ..\Libraries\STM32F10x_StdPeriph_Driver\src\stm32f10x_cec.c 0x00000000   Number         0  stm32f10x_cec.o ABSOLUTE
    ..\Libraries\STM32F10x_StdPeriph_Driver\src\stm32f10x_crc.c 0x00000000   Number         0  stm32f10x_crc.o ABSOLUTE
    ..\Libraries\STM32F10x_StdPeriph_Driver\src\stm32f10x_dac.c 0x00000000   Number         0  stm32f10x_dac.o ABSOLUTE
    ..\Libraries\STM32F10x_StdPeriph_Driver\src\stm32f10x_dbgmcu.c 0x00000000   Number         0  stm32f10x_dbgmcu.o ABSOLUTE
    ..\Libraries\STM32F10x_StdPeriph_Driver\src\stm32f10x_dma.c 0x00000000   Number         0  stm32f10x_dma.o ABSOLUTE
    ..\Libraries\STM32F10x_StdPeriph_Driver\src\stm32f10x_exti.c 0x00000000   Number         0  stm32f10x_exti.o ABSOLUTE
    ..\Libraries\STM32F10x_StdPeriph_Driver\src\stm32f10x_flash.c 0x00000000   Number         0  stm32f10x_flash.o ABSOLUTE
    ..\Libraries\STM32F10x_StdPeriph_Driver\src\stm32f10x_fsmc.c 0x00000000   Number         0  stm32f10x_fsmc.o ABSOLUTE
    ..\Libraries\STM32F10x_StdPeriph_Driver\src\stm32f10x_gpio.c 0x00000000   Number         0  stm32f10x_gpio.o ABSOLUTE
    ..\Libraries\STM32F10x_StdPeriph_Driver\src\stm32f10x_i2c.c 0x00000000   Number         0  stm32f10x_i2c.o ABSOLUTE
    ..\Libraries\STM32F10x_StdPeriph_Driver\src\stm32f10x_iwdg.c 0x00000000   Number         0  stm32f10x_iwdg.o ABSOLUTE
    ..\Libraries\STM32F10x_StdPeriph_Driver\src\stm32f10x_pwr.c 0x00000000   Number         0  stm32f10x_pwr.o ABSOLUTE
    ..\Libraries\STM32F10x_StdPeriph_Driver\src\stm32f10x_rcc.c 0x00000000   Number         0  stm32f10x_rcc.o ABSOLUTE
    ..\Libraries\STM32F10x_StdPeriph_Driver\src\stm32f10x_rtc.c 0x00000000   Number         0  stm32f10x_rtc.o ABSOLUTE
    ..\Libraries\STM32F10x_StdPeriph_Driver\src\stm32f10x_sdio.c 0x00000000   Number         0  stm32f10x_sdio.o ABSOLUTE
    ..\Libraries\STM32F10x_StdPeriph_Driver\src\stm32f10x_spi.c 0x00000000   Number         0  stm32f10x_spi.o ABSOLUTE
    ..\Libraries\STM32F10x_StdPeriph_Driver\src\stm32f10x_tim.c 0x00000000   Number         0  stm32f10x_tim.o ABSOLUTE
    ..\Libraries\STM32F10x_StdPeriph_Driver\src\stm32f10x_usart.c 0x00000000   Number         0  stm32f10x_usart.o ABSOLUTE
    ..\Libraries\STM32F10x_StdPeriph_Driver\src\stm32f10x_wwdg.c 0x00000000   Number         0  stm32f10x_wwdg.o ABSOLUTE
    ..\User\Beep\bsp_beep.c                  0x00000000   Number         0  bsp_beep.o ABSOLUTE
    ..\User\LED\bsp_led.c                    0x00000000   Number         0  bsp_led.o ABSOLUTE
    ..\User\Motor\bsp_Motor.c                0x00000000   Number         0  bsp_motor.o ABSOLUTE
    ..\User\PS2\bsp_ps2.c                    0x00000000   Number         0  bsp_ps2.o ABSOLUTE
    ..\User\Servo\bsp_Servo.c                0x00000000   Number         0  bsp_servo.o ABSOLUTE
    ..\User\SysTick\bsp_SysTick.c            0x00000000   Number         0  bsp_systick.o ABSOLUTE
    ..\User\System\bsp_system.c              0x00000000   Number         0  bsp_system.o ABSOLUTE
    ..\User\Timer\bsp_GenneralTIM.c          0x00000000   Number         0  bsp_genneraltim.o ABSOLUTE
    ..\User\Usart\bsp_usart.c                0x00000000   Number         0  bsp_usart.o ABSOLUTE
    ..\User\main.c                           0x00000000   Number         0  main.o ABSOLUTE
    ..\User\online\online.c                  0x00000000   Number         0  online.o ABSOLUTE
    ..\User\stm32f10x_it.c                   0x00000000   Number         0  stm32f10x_it.o ABSOLUTE
    ..\\Libraries\\CMSIS\\core_cm3.c         0x00000000   Number         0  core_cm3.o ABSOLUTE
    ..\\User\\System\\bsp_system.c           0x00000000   Number         0  bsp_system.o ABSOLUTE
    dc.s                                     0x00000000   Number         0  dc.o ABSOLUTE
    RESET                                    0x08000000   Section      236  startup_stm32f10x_md.o(RESET)
    !!!main                                  0x080000ec   Section        8  __main.o(!!!main)
    !!!scatter                               0x080000f4   Section       52  __scatter.o(!!!scatter)
    !!handler_copy                           0x08000128   Section       26  __scatter_copy.o(!!handler_copy)
    !!handler_zi                             0x08000144   Section       28  __scatter_zi.o(!!handler_zi)
    .ARM.Collect$$libinit$$00000000          0x08000160   Section        2  libinit.o(.ARM.Collect$$libinit$$00000000)
    .ARM.Collect$$libinit$$00000002          0x08000162   Section        0  libinit2.o(.ARM.Collect$$libinit$$00000002)
    .ARM.Collect$$libinit$$00000004          0x08000162   Section        0  libinit2.o(.ARM.Collect$$libinit$$00000004)
    .ARM.Collect$$libinit$$0000000A          0x08000162   Section        0  libinit2.o(.ARM.Collect$$libinit$$0000000A)
    .ARM.Collect$$libinit$$0000000C          0x08000162   Section        0  libinit2.o(.ARM.Collect$$libinit$$0000000C)
    .ARM.Collect$$libinit$$0000000E          0x08000162   Section        0  libinit2.o(.ARM.Collect$$libinit$$0000000E)
    .ARM.Collect$$libinit$$0000000F          0x08000162   Section        6  libinit2.o(.ARM.Collect$$libinit$$0000000F)
    .ARM.Collect$$libinit$$00000011          0x08000168   Section        0  libinit2.o(.ARM.Collect$$libinit$$00000011)
    .ARM.Collect$$libinit$$00000012          0x08000168   Section       12  libinit2.o(.ARM.Collect$$libinit$$00000012)
    .ARM.Collect$$libinit$$00000013          0x08000174   Section        0  libinit2.o(.ARM.Collect$$libinit$$00000013)
    .ARM.Collect$$libinit$$00000015          0x08000174   Section        0  libinit2.o(.ARM.Collect$$libinit$$00000015)
    .ARM.Collect$$libinit$$00000017          0x08000174   Section        0  libinit2.o(.ARM.Collect$$libinit$$00000017)
    .ARM.Collect$$libinit$$00000019          0x08000174   Section        0  libinit2.o(.ARM.Collect$$libinit$$00000019)
    .ARM.Collect$$libinit$$0000001B          0x08000174   Section        0  libinit2.o(.ARM.Collect$$libinit$$0000001B)
    .ARM.Collect$$libinit$$0000001D          0x08000174   Section        0  libinit2.o(.ARM.Collect$$libinit$$0000001D)
    .ARM.Collect$$libinit$$0000001F          0x08000174   Section        0  libinit2.o(.ARM.Collect$$libinit$$0000001F)
    .ARM.Collect$$libinit$$00000021          0x08000174   Section        0  libinit2.o(.ARM.Collect$$libinit$$00000021)
    .ARM.Collect$$libinit$$00000023          0x08000174   Section        0  libinit2.o(.ARM.Collect$$libinit$$00000023)
    .ARM.Collect$$libinit$$00000025          0x08000174   Section        0  libinit2.o(.ARM.Collect$$libinit$$00000025)
    .ARM.Collect$$libinit$$0000002C          0x08000174   Section        0  libinit2.o(.ARM.Collect$$libinit$$0000002C)
    .ARM.Collect$$libinit$$0000002E          0x08000174   Section        0  libinit2.o(.ARM.Collect$$libinit$$0000002E)
    .ARM.Collect$$libinit$$00000030          0x08000174   Section        0  libinit2.o(.ARM.Collect$$libinit$$00000030)
    .ARM.Collect$$libinit$$00000032          0x08000174   Section        0  libinit2.o(.ARM.Collect$$libinit$$00000032)
    .ARM.Collect$$libinit$$00000033          0x08000174   Section        2  libinit2.o(.ARM.Collect$$libinit$$00000033)
    .ARM.Collect$$libshutdown$$00000000      0x08000176   Section        2  libshutdown.o(.ARM.Collect$$libshutdown$$00000000)
    .ARM.Collect$$libshutdown$$00000002      0x08000178   Section        0  libshutdown2.o(.ARM.Collect$$libshutdown$$00000002)
    .ARM.Collect$$libshutdown$$00000004      0x08000178   Section        0  libshutdown2.o(.ARM.Collect$$libshutdown$$00000004)
    .ARM.Collect$$libshutdown$$00000006      0x08000178   Section        0  libshutdown2.o(.ARM.Collect$$libshutdown$$00000006)
    .ARM.Collect$$libshutdown$$00000009      0x08000178   Section        0  libshutdown2.o(.ARM.Collect$$libshutdown$$00000009)
    .ARM.Collect$$libshutdown$$0000000C      0x08000178   Section        0  libshutdown2.o(.ARM.Collect$$libshutdown$$0000000C)
    .ARM.Collect$$libshutdown$$0000000E      0x08000178   Section        0  libshutdown2.o(.ARM.Collect$$libshutdown$$0000000E)
    .ARM.Collect$$libshutdown$$00000011      0x08000178   Section        0  libshutdown2.o(.ARM.Collect$$libshutdown$$00000011)
    .ARM.Collect$$libshutdown$$00000012      0x08000178   Section        2  libshutdown2.o(.ARM.Collect$$libshutdown$$00000012)
    .ARM.Collect$$rtentry$$00000000          0x0800017a   Section        0  __rtentry.o(.ARM.Collect$$rtentry$$00000000)
    .ARM.Collect$$rtentry$$00000002          0x0800017a   Section        0  __rtentry2.o(.ARM.Collect$$rtentry$$00000002)
    .ARM.Collect$$rtentry$$00000004          0x0800017a   Section        6  __rtentry4.o(.ARM.Collect$$rtentry$$00000004)
    .ARM.Collect$$rtentry$$00000009          0x08000180   Section        0  __rtentry2.o(.ARM.Collect$$rtentry$$00000009)
    .ARM.Collect$$rtentry$$0000000A          0x08000180   Section        4  __rtentry2.o(.ARM.Collect$$rtentry$$0000000A)
    .ARM.Collect$$rtentry$$0000000C          0x08000184   Section        0  __rtentry2.o(.ARM.Collect$$rtentry$$0000000C)
    .ARM.Collect$$rtentry$$0000000D          0x08000184   Section        8  __rtentry2.o(.ARM.Collect$$rtentry$$0000000D)
    .ARM.Collect$$rtexit$$00000000           0x0800018c   Section        2  rtexit.o(.ARM.Collect$$rtexit$$00000000)
    .ARM.Collect$$rtexit$$00000002           0x0800018e   Section        0  rtexit2.o(.ARM.Collect$$rtexit$$00000002)
    .ARM.Collect$$rtexit$$00000003           0x0800018e   Section        4  rtexit2.o(.ARM.Collect$$rtexit$$00000003)
    .ARM.Collect$$rtexit$$00000004           0x08000192   Section        6  rtexit2.o(.ARM.Collect$$rtexit$$00000004)
    .text                                    0x08000198   Section       64  startup_stm32f10x_md.o(.text)
    .text                                    0x080001d8   Section        2  use_no_semi_2.o(.text)
    .text                                    0x080001da   Section        0  atol.o(.text)
    .text                                    0x080001f4   Section        0  strchr.o(.text)
    .text                                    0x08000208   Section        0  strncmp.o(.text)
    .text                                    0x0800029e   Section        0  heapauxi.o(.text)
    .text                                    0x080002a4   Section        2  use_no_semi.o(.text)
    .text                                    0x080002a8   Section        8  rt_errno_addr_intlibspace.o(.text)
    .text                                    0x080002b0   Section        0  strtol.o(.text)
    .text                                    0x08000320   Section        8  libspace.o(.text)
    .text                                    0x08000328   Section       16  rt_ctype_table.o(.text)
    .text                                    0x08000338   Section        0  _strtoul.o(.text)
    .text                                    0x080003d6   Section       74  sys_stackheap_outer.o(.text)
    .text                                    0x08000420   Section        8  rt_locale_intlibspace.o(.text)
    .text                                    0x08000428   Section        0  _chval.o(.text)
    .text                                    0x08000444   Section        0  exit.o(.text)
    .text                                    0x08000458   Section      128  strcmpv7m.o(.text)
    i.APP_Control_Car                        0x080004d8   Section        0  online.o(i.APP_Control_Car)
    i.Beep_Init                              0x08000678   Section        0  bsp_beep.o(i.Beep_Init)
    i.BusFault_Handler                       0x080006b0   Section        0  stm32f10x_it.o(i.BusFault_Handler)
    i.DebugMon_Handler                       0x080006b4   Section        0  stm32f10x_it.o(i.DebugMon_Handler)
    i.Delay_ms                               0x080006b8   Section        0  bsp_systick.o(i.Delay_ms)
    i.GENNERAL_TIM_Config                    0x080006ec   Section        0  bsp_genneraltim.o(i.GENNERAL_TIM_Config)
    GENNERAL_TIM_Config                      0x080006ed   Thumb Code    84  bsp_genneraltim.o(i.GENNERAL_TIM_Config)
    i.GENNERAL_TIM_Init                      0x08000740   Section        0  bsp_genneraltim.o(i.GENNERAL_TIM_Init)
    i.GENNERAL_TIM_NVIC_Config               0x0800074c   Section        0  bsp_genneraltim.o(i.GENNERAL_TIM_NVIC_Config)
    GENNERAL_TIM_NVIC_Config                 0x0800074d   Thumb Code    40  bsp_genneraltim.o(i.GENNERAL_TIM_NVIC_Config)
    i.GPIO_Init                              0x08000774   Section        0  stm32f10x_gpio.o(i.GPIO_Init)
    i.GPIO_ResetBits                         0x0800088a   Section        0  stm32f10x_gpio.o(i.GPIO_ResetBits)
    i.GPIO_SetBits                           0x0800088e   Section        0  stm32f10x_gpio.o(i.GPIO_SetBits)
    i.HardFault_Handler                      0x08000892   Section        0  stm32f10x_it.o(i.HardFault_Handler)
    i.IsCarAddSpeed                          0x08000898   Section        0  online.o(i.IsCarAddSpeed)
    i.IsCarBack                              0x080008b8   Section        0  online.o(i.IsCarBack)
    i.IsCarBeep                              0x080008ec   Section        0  online.o(i.IsCarBeep)
    i.IsCarFront                             0x0800090c   Section        0  online.o(i.IsCarFront)
    i.IsCarLED                               0x08000940   Section        0  online.o(i.IsCarLED)
    i.IsCarLeft                              0x08000960   Section        0  online.o(i.IsCarLeft)
    i.IsCarNoBeep                            0x08000994   Section        0  online.o(i.IsCarNoBeep)
    i.IsCarRight                             0x080009b4   Section        0  online.o(i.IsCarRight)
    i.IsCarSlowSpeed                         0x080009e8   Section        0  online.o(i.IsCarSlowSpeed)
    i.IsCarStop                              0x08000a08   Section        0  online.o(i.IsCarStop)
    i.IsServo0                               0x08000ae4   Section        0  online.o(i.IsServo0)
    i.IsServo1                               0x08000b04   Section        0  online.o(i.IsServo1)
    i.IsServo2                               0x08000b24   Section        0  online.o(i.IsServo2)
    i.IsServo3                               0x08000b44   Section        0  online.o(i.IsServo3)
    i.IsServo4                               0x08000b64   Section        0  online.o(i.IsServo4)
    i.IsServo5                               0x08000b84   Section        0  online.o(i.IsServo5)
    i.LED_Init                               0x08000ba4   Section        0  bsp_led.o(i.LED_Init)
    i.MOTOR_GPIO_Config                      0x08000be4   Section        0  bsp_motor.o(i.MOTOR_GPIO_Config)
    i.MOTOR_PWM1_Config                      0x08000c10   Section        0  bsp_motor.o(i.MOTOR_PWM1_Config)
    MOTOR_PWM1_Config                        0x08000c11   Thumb Code   160  bsp_motor.o(i.MOTOR_PWM1_Config)
    i.MOTOR_PWM2_Config                      0x08000cb4   Section        0  bsp_motor.o(i.MOTOR_PWM2_Config)
    i.MemManage_Handler                      0x08000d58   Section        0  stm32f10x_it.o(i.MemManage_Handler)
    i.Motor_Init                             0x08000d5c   Section        0  bsp_motor.o(i.Motor_Init)
    i.NMI_Handler                            0x08000d78   Section        0  stm32f10x_it.o(i.NMI_Handler)
    i.NVIC_Init                              0x08000d7c   Section        0  misc.o(i.NVIC_Init)
    i.NVIC_PriorityGroupConfig               0x08000dec   Section        0  misc.o(i.NVIC_PriorityGroupConfig)
    i.PS2_ClearHandleData                    0x08000e00   Section        0  bsp_ps2.o(i.PS2_ClearHandleData)
    i.PS2_Cmd                                0x08000e18   Section        0  bsp_ps2.o(i.PS2_Cmd)
    i.PS2_Control_Car                        0x08000ea0   Section        0  bsp_ps2.o(i.PS2_Control_Car)
    i.PS2_GetKey                             0x08001144   Section        0  bsp_ps2.o(i.PS2_GetKey)
    i.PS2_GetMode                            0x08001198   Section        0  bsp_ps2.o(i.PS2_GetMode)
    i.PS2_GetRockerAnologData                0x080011e4   Section        0  bsp_ps2.o(i.PS2_GetRockerAnologData)
    i.PS2_Init                               0x080011f0   Section        0  bsp_ps2.o(i.PS2_Init)
    i.PS2_ReadHandleData                     0x08001234   Section        0  bsp_ps2.o(i.PS2_ReadHandleData)
    i.PendSV_Handler                         0x080012e0   Section        0  stm32f10x_it.o(i.PendSV_Handler)
    i.RCC_APB1PeriphClockCmd                 0x080012e4   Section        0  stm32f10x_rcc.o(i.RCC_APB1PeriphClockCmd)
    i.RCC_APB1PeriphResetCmd                 0x08001304   Section        0  stm32f10x_rcc.o(i.RCC_APB1PeriphResetCmd)
    i.RCC_APB2PeriphClockCmd                 0x08001324   Section        0  stm32f10x_rcc.o(i.RCC_APB2PeriphClockCmd)
    i.RCC_APB2PeriphResetCmd                 0x08001344   Section        0  stm32f10x_rcc.o(i.RCC_APB2PeriphResetCmd)
    i.RCC_GetClocksFreq                      0x08001364   Section        0  stm32f10x_rcc.o(i.RCC_GetClocksFreq)
    i.SVC_Handler                            0x08001438   Section        0  stm32f10x_it.o(i.SVC_Handler)
    i.Servo0_Control                         0x0800143c   Section        0  online.o(i.Servo0_Control)
    i.Servo1_Control                         0x08001464   Section        0  online.o(i.Servo1_Control)
    i.Servo2_Control                         0x0800148c   Section        0  online.o(i.Servo2_Control)
    i.Servo3_Control                         0x080014b4   Section        0  online.o(i.Servo3_Control)
    i.Servo4_Control                         0x080014dc   Section        0  online.o(i.Servo4_Control)
    i.Servo5_Control                         0x08001504   Section        0  online.o(i.Servo5_Control)
    i.Servo_Control                          0x0800152c   Section        0  bsp_servo.o(i.Servo_Control)
    i.Servor_Init                            0x08001738   Section        0  bsp_servo.o(i.Servor_Init)
    i.Servor_parse                           0x08001778   Section        0  online.o(i.Servor_parse)
    i.SetMotorPWM1                           0x08001868   Section        0  bsp_motor.o(i.SetMotorPWM1)
    i.SetMotorPWM2                           0x0800188c   Section        0  bsp_motor.o(i.SetMotorPWM2)
    i.SetSysClock                            0x080018b0   Section        0  system_stm32f10x.o(i.SetSysClock)
    SetSysClock                              0x080018b1   Thumb Code     8  system_stm32f10x.o(i.SetSysClock)
    i.SetSysClockTo72                        0x080018b8   Section        0  system_stm32f10x.o(i.SetSysClockTo72)
    SetSysClockTo72                          0x080018b9   Thumb Code   214  system_stm32f10x.o(i.SetSysClockTo72)
    i.SysTick_Config                         0x08001998   Section        0  bsp_systick.o(i.SysTick_Config)
    SysTick_Config                           0x08001999   Thumb Code    76  bsp_systick.o(i.SysTick_Config)
    i.SysTick_Delay_Us                       0x080019ec   Section        0  bsp_systick.o(i.SysTick_Delay_Us)
    i.SysTick_Handler                        0x08001a34   Section        0  stm32f10x_it.o(i.SysTick_Handler)
    i.SystemInit                             0x08001a3c   Section        0  system_stm32f10x.o(i.SystemInit)
    i.TIM2_IRQHandler                        0x08001a9c   Section        0  stm32f10x_it.o(i.TIM2_IRQHandler)
    i.TIM_ARRPreloadConfig                   0x08001abe   Section        0  stm32f10x_tim.o(i.TIM_ARRPreloadConfig)
    i.TIM_ClearFlag                          0x08001ad6   Section        0  stm32f10x_tim.o(i.TIM_ClearFlag)
    i.TIM_ClearITPendingBit                  0x08001adc   Section        0  stm32f10x_tim.o(i.TIM_ClearITPendingBit)
    i.TIM_Cmd                                0x08001ae2   Section        0  stm32f10x_tim.o(i.TIM_Cmd)
    i.TIM_DeInit                             0x08001afc   Section        0  stm32f10x_tim.o(i.TIM_DeInit)
    i.TIM_GetITStatus                        0x08001ce4   Section        0  stm32f10x_tim.o(i.TIM_GetITStatus)
    i.TIM_ITConfig                           0x08001d06   Section        0  stm32f10x_tim.o(i.TIM_ITConfig)
    i.TIM_OC3Init                            0x08001d18   Section        0  stm32f10x_tim.o(i.TIM_OC3Init)
    i.TIM_OC3PreloadConfig                   0x08001db8   Section        0  stm32f10x_tim.o(i.TIM_OC3PreloadConfig)
    i.TIM_OC4Init                            0x08001dcc   Section        0  stm32f10x_tim.o(i.TIM_OC4Init)
    i.TIM_OC4PreloadConfig                   0x08001e48   Section        0  stm32f10x_tim.o(i.TIM_OC4PreloadConfig)
    i.TIM_SetAutoreload                      0x08001e62   Section        0  stm32f10x_tim.o(i.TIM_SetAutoreload)
    i.TIM_SetCompare3                        0x08001e66   Section        0  stm32f10x_tim.o(i.TIM_SetCompare3)
    i.TIM_SetCompare4                        0x08001e6a   Section        0  stm32f10x_tim.o(i.TIM_SetCompare4)
    i.TIM_TimeBaseInit                       0x08001e70   Section        0  stm32f10x_tim.o(i.TIM_TimeBaseInit)
    i.TimingDelay_Decrement                  0x08001f14   Section        0  bsp_systick.o(i.TimingDelay_Decrement)
    i.USART1_IRQHandler                      0x08001f2c   Section        0  stm32f10x_it.o(i.USART1_IRQHandler)
    i.USART2_IRQHandler                      0x08001fb0   Section        0  stm32f10x_it.o(i.USART2_IRQHandler)
    i.USART_ClearITPendingBit                0x08001fd0   Section        0  stm32f10x_usart.o(i.USART_ClearITPendingBit)
    i.USART_Cmd                              0x08001fee   Section        0  stm32f10x_usart.o(i.USART_Cmd)
    i.USART_DXBT18_GPIO_Config               0x08002008   Section        0  bsp_usart.o(i.USART_DXBT18_GPIO_Config)
    USART_DXBT18_GPIO_Config                 0x08002009   Thumb Code    62  bsp_usart.o(i.USART_DXBT18_GPIO_Config)
    i.USART_DXBT18_Init                      0x0800204c   Section        0  bsp_usart.o(i.USART_DXBT18_Init)
    i.USART_DXBT18_Mode_Config               0x0800205c   Section        0  bsp_usart.o(i.USART_DXBT18_Mode_Config)
    USART_DXBT18_Mode_Config                 0x0800205d   Thumb Code    70  bsp_usart.o(i.USART_DXBT18_Mode_Config)
    i.USART_DXBT18_NVIC_Config               0x080020a8   Section        0  bsp_usart.o(i.USART_DXBT18_NVIC_Config)
    USART_DXBT18_NVIC_Config                 0x080020a9   Thumb Code    42  bsp_usart.o(i.USART_DXBT18_NVIC_Config)
    i.USART_GetITStatus                      0x080020d2   Section        0  stm32f10x_usart.o(i.USART_GetITStatus)
    i.USART_ITConfig                         0x08002126   Section        0  stm32f10x_usart.o(i.USART_ITConfig)
    i.USART_Init                             0x08002170   Section        0  stm32f10x_usart.o(i.USART_Init)
    i.USART_ReceiveData                      0x08002248   Section        0  stm32f10x_usart.o(i.USART_ReceiveData)
    i.USART_WIFI_GPIO_Config                 0x08002254   Section        0  bsp_usart.o(i.USART_WIFI_GPIO_Config)
    USART_WIFI_GPIO_Config                   0x08002255   Thumb Code    58  bsp_usart.o(i.USART_WIFI_GPIO_Config)
    i.USART_WIFI_Init                        0x08002294   Section        0  bsp_usart.o(i.USART_WIFI_Init)
    i.USART_WIFI_Mode_Config                 0x080022a4   Section        0  bsp_usart.o(i.USART_WIFI_Mode_Config)
    USART_WIFI_Mode_Config                   0x080022a5   Thumb Code    70  bsp_usart.o(i.USART_WIFI_Mode_Config)
    i.USART_WIFI_NVIC_Config                 0x080022f0   Section        0  bsp_usart.o(i.USART_WIFI_NVIC_Config)
    USART_WIFI_NVIC_Config                   0x080022f1   Thumb Code    38  bsp_usart.o(i.USART_WIFI_NVIC_Config)
    i.UsageFault_Handler                     0x08002316   Section        0  stm32f10x_it.o(i.UsageFault_Handler)
    i._sys_exit                              0x0800231a   Section        0  bsp_system.o(i._sys_exit)
    i.main                                   0x08002320   Section        0  main.o(i.main)
    locale$$code                             0x0800234c   Section       44  lc_ctype_c.o(locale$$code)
    locale$$data                             0x08002398   Section      272  lc_ctype_c.o(locale$$data)
    __lcctype_c_name                         0x0800239c   Data           2  lc_ctype_c.o(locale$$data)
    __lcctype_c_start                        0x080023a4   Data           0  lc_ctype_c.o(locale$$data)
    __lcctype_c_end                          0x080024a8   Data           0  lc_ctype_c.o(locale$$data)
    .data                                    0x20000000   Section       20  system_stm32f10x.o(.data)
    .data                                    0x20000014   Section       20  stm32f10x_rcc.o(.data)
    APBAHBPrescTable                         0x20000014   Data          16  stm32f10x_rcc.o(.data)
    ADCPrescTable                            0x20000024   Data           4  stm32f10x_rcc.o(.data)
    .data                                    0x20000028   Section        4  stm32f10x_it.o(.data)
    i                                        0x20000028   Data           4  stm32f10x_it.o(.data)
    .data                                    0x2000002c   Section        4  bsp_systick.o(.data)
    TimingDelay                              0x2000002c   Data           4  bsp_systick.o(.data)
    .data                                    0x20000030   Section        4  bsp_motor.o(.data)
    .data                                    0x20000034   Section       25  bsp_servo.o(.data)
    .data                                    0x20000050   Section       61  bsp_ps2.o(.data)
    .data                                    0x2000008e   Section        3  bsp_usart.o(.data)
    .data                                    0x20000092   Section       16  online.o(.data)
    .bss                                     0x200000a4   Section        9  bsp_ps2.o(.bss)
    .bss                                     0x200000ad   Section      600  bsp_usart.o(.bss)
    .bss                                     0x20000308   Section       96  libspace.o(.bss)
    HEAP                                     0x20000368   Section      512  startup_stm32f10x_md.o(HEAP)
    Heap_Mem                                 0x20000368   Data         512  startup_stm32f10x_md.o(HEAP)
    STACK                                    0x20000568   Section     1024  startup_stm32f10x_md.o(STACK)
    Stack_Mem                                0x20000568   Data        1024  startup_stm32f10x_md.o(STACK)
    __initial_sp                             0x20000968   Data           0  startup_stm32f10x_md.o(STACK)

    Global Symbols

    Symbol Name                              Value     Ov Type        Size  Object(Section)

    BuildAttributes$$THM_ISAv4$P$D$K$B$S$PE$A:L22UL41UL21$X:L11$S22US41US21$IEEE1$IW$USESV6$~STKCKD$USESV7$~SHL$OSPACE$ROPI$EBA8$UX$STANDARDLIB$REQ8$PRES8$EABIv2 0x00000000   Number         0  anon$$obj.o ABSOLUTE
    __ARM_use_no_argv                        0x00000000   Number         0  main.o ABSOLUTE
    __ARM_exceptions_init                     - Undefined Weak Reference
    __alloca_initialize                       - Undefined Weak Reference
    __arm_fini_                               - Undefined Weak Reference
    __arm_preinit_                            - Undefined Weak Reference
    __cpp_initialize__aeabi_                  - Undefined Weak Reference
    __cxa_finalize                            - Undefined Weak Reference
    __sigvec_lookup                           - Undefined Weak Reference
    _atexit_init                              - Undefined Weak Reference
    _call_atexit_fns                          - Undefined Weak Reference
    _clock_init                               - Undefined Weak Reference
    _fp_trap_init                             - Undefined Weak Reference
    _fp_trap_shutdown                         - Undefined Weak Reference
    _get_lc_collate                           - Undefined Weak Reference
    _get_lc_monetary                          - Undefined Weak Reference
    _get_lc_numeric                           - Undefined Weak Reference
    _get_lc_time                              - Undefined Weak Reference
    _getenv_init                              - Undefined Weak Reference
    _handle_redirection                       - Undefined Weak Reference
    _init_alloc                               - Undefined Weak Reference
    _init_user_alloc                          - Undefined Weak Reference
    _initio                                   - Undefined Weak Reference
    _rand_init                                - Undefined Weak Reference
    _signal_finish                            - Undefined Weak Reference
    _signal_init                              - Undefined Weak Reference
    _terminate_alloc                          - Undefined Weak Reference
    _terminate_user_alloc                     - Undefined Weak Reference
    _terminateio                              - Undefined Weak Reference
    __Vectors_Size                           0x000000ec   Number         0  startup_stm32f10x_md.o ABSOLUTE
    __Vectors                                0x08000000   Data           4  startup_stm32f10x_md.o(RESET)
    __Vectors_End                            0x080000ec   Data           0  startup_stm32f10x_md.o(RESET)
    __main                                   0x080000ed   Thumb Code     8  __main.o(!!!main)
    __scatterload                            0x080000f5   Thumb Code     0  __scatter.o(!!!scatter)
    __scatterload_rt2                        0x080000f5   Thumb Code    44  __scatter.o(!!!scatter)
    __scatterload_rt2_thumb_only             0x080000f5   Thumb Code     0  __scatter.o(!!!scatter)
    __scatterload_null                       0x08000103   Thumb Code     0  __scatter.o(!!!scatter)
    __scatterload_copy                       0x08000129   Thumb Code    26  __scatter_copy.o(!!handler_copy)
    __scatterload_zeroinit                   0x08000145   Thumb Code    28  __scatter_zi.o(!!handler_zi)
    __rt_lib_init                            0x08000161   Thumb Code     0  libinit.o(.ARM.Collect$$libinit$$00000000)
    __rt_lib_init_fp_1                       0x08000163   Thumb Code     0  libinit2.o(.ARM.Collect$$libinit$$00000002)
    __rt_lib_init_heap_1                     0x08000163   Thumb Code     0  libinit2.o(.ARM.Collect$$libinit$$0000000A)
    __rt_lib_init_lc_common                  0x08000163   Thumb Code     0  libinit2.o(.ARM.Collect$$libinit$$0000000F)
    __rt_lib_init_preinit_1                  0x08000163   Thumb Code     0  libinit2.o(.ARM.Collect$$libinit$$00000004)
    __rt_lib_init_rand_1                     0x08000163   Thumb Code     0  libinit2.o(.ARM.Collect$$libinit$$0000000E)
    __rt_lib_init_user_alloc_1               0x08000163   Thumb Code     0  libinit2.o(.ARM.Collect$$libinit$$0000000C)
    __rt_lib_init_lc_collate_1               0x08000169   Thumb Code     0  libinit2.o(.ARM.Collect$$libinit$$00000011)
    __rt_lib_init_lc_ctype_2                 0x08000169   Thumb Code     0  libinit2.o(.ARM.Collect$$libinit$$00000012)
    __rt_lib_init_alloca_1                   0x08000175   Thumb Code     0  libinit2.o(.ARM.Collect$$libinit$$0000002E)
    __rt_lib_init_argv_1                     0x08000175   Thumb Code     0  libinit2.o(.ARM.Collect$$libinit$$0000002C)
    __rt_lib_init_atexit_1                   0x08000175   Thumb Code     0  libinit2.o(.ARM.Collect$$libinit$$0000001B)
    __rt_lib_init_clock_1                    0x08000175   Thumb Code     0  libinit2.o(.ARM.Collect$$libinit$$00000021)
    __rt_lib_init_cpp_1                      0x08000175   Thumb Code     0  libinit2.o(.ARM.Collect$$libinit$$00000032)
    __rt_lib_init_exceptions_1               0x08000175   Thumb Code     0  libinit2.o(.ARM.Collect$$libinit$$00000030)
    __rt_lib_init_fp_trap_1                  0x08000175   Thumb Code     0  libinit2.o(.ARM.Collect$$libinit$$0000001F)
    __rt_lib_init_getenv_1                   0x08000175   Thumb Code     0  libinit2.o(.ARM.Collect$$libinit$$00000023)
    __rt_lib_init_lc_ctype_1                 0x08000175   Thumb Code     0  libinit2.o(.ARM.Collect$$libinit$$00000013)
    __rt_lib_init_lc_monetary_1              0x08000175   Thumb Code     0  libinit2.o(.ARM.Collect$$libinit$$00000015)
    __rt_lib_init_lc_numeric_1               0x08000175   Thumb Code     0  libinit2.o(.ARM.Collect$$libinit$$00000017)
    __rt_lib_init_lc_time_1                  0x08000175   Thumb Code     0  libinit2.o(.ARM.Collect$$libinit$$00000019)
    __rt_lib_init_return                     0x08000175   Thumb Code     0  libinit2.o(.ARM.Collect$$libinit$$00000033)
    __rt_lib_init_signal_1                   0x08000175   Thumb Code     0  libinit2.o(.ARM.Collect$$libinit$$0000001D)
    __rt_lib_init_stdio_1                    0x08000175   Thumb Code     0  libinit2.o(.ARM.Collect$$libinit$$00000025)
    __rt_lib_shutdown                        0x08000177   Thumb Code     0  libshutdown.o(.ARM.Collect$$libshutdown$$00000000)
    __rt_lib_shutdown_cpp_1                  0x08000179   Thumb Code     0  libshutdown2.o(.ARM.Collect$$libshutdown$$00000004)
    __rt_lib_shutdown_fini_1                 0x08000179   Thumb Code     0  libshutdown2.o(.ARM.Collect$$libshutdown$$00000002)
    __rt_lib_shutdown_fp_trap_1              0x08000179   Thumb Code     0  libshutdown2.o(.ARM.Collect$$libshutdown$$00000009)
    __rt_lib_shutdown_heap_1                 0x08000179   Thumb Code     0  libshutdown2.o(.ARM.Collect$$libshutdown$$00000011)
    __rt_lib_shutdown_return                 0x08000179   Thumb Code     0  libshutdown2.o(.ARM.Collect$$libshutdown$$00000012)
    __rt_lib_shutdown_signal_1               0x08000179   Thumb Code     0  libshutdown2.o(.ARM.Collect$$libshutdown$$0000000C)
    __rt_lib_shutdown_stdio_1                0x08000179   Thumb Code     0  libshutdown2.o(.ARM.Collect$$libshutdown$$00000006)
    __rt_lib_shutdown_user_alloc_1           0x08000179   Thumb Code     0  libshutdown2.o(.ARM.Collect$$libshutdown$$0000000E)
    __rt_entry                               0x0800017b   Thumb Code     0  __rtentry.o(.ARM.Collect$$rtentry$$00000000)
    __rt_entry_presh_1                       0x0800017b   Thumb Code     0  __rtentry2.o(.ARM.Collect$$rtentry$$00000002)
    __rt_entry_sh                            0x0800017b   Thumb Code     0  __rtentry4.o(.ARM.Collect$$rtentry$$00000004)
    __rt_entry_li                            0x08000181   Thumb Code     0  __rtentry2.o(.ARM.Collect$$rtentry$$0000000A)
    __rt_entry_postsh_1                      0x08000181   Thumb Code     0  __rtentry2.o(.ARM.Collect$$rtentry$$00000009)
    __rt_entry_main                          0x08000185   Thumb Code     0  __rtentry2.o(.ARM.Collect$$rtentry$$0000000D)
    __rt_entry_postli_1                      0x08000185   Thumb Code     0  __rtentry2.o(.ARM.Collect$$rtentry$$0000000C)
    __rt_exit                                0x0800018d   Thumb Code     0  rtexit.o(.ARM.Collect$$rtexit$$00000000)
    __rt_exit_ls                             0x0800018f   Thumb Code     0  rtexit2.o(.ARM.Collect$$rtexit$$00000003)
    __rt_exit_prels_1                        0x0800018f   Thumb Code     0  rtexit2.o(.ARM.Collect$$rtexit$$00000002)
    __rt_exit_exit                           0x08000193   Thumb Code     0  rtexit2.o(.ARM.Collect$$rtexit$$00000004)
    Reset_Handler                            0x08000199   Thumb Code     8  startup_stm32f10x_md.o(.text)
    ADC1_2_IRQHandler                        0x080001b3   Thumb Code     0  startup_stm32f10x_md.o(.text)
    CAN1_RX1_IRQHandler                      0x080001b3   Thumb Code     0  startup_stm32f10x_md.o(.text)
    CAN1_SCE_IRQHandler                      0x080001b3   Thumb Code     0  startup_stm32f10x_md.o(.text)
    DMA1_Channel1_IRQHandler                 0x080001b3   Thumb Code     0  startup_stm32f10x_md.o(.text)
    DMA1_Channel2_IRQHandler                 0x080001b3   Thumb Code     0  startup_stm32f10x_md.o(.text)
    DMA1_Channel3_IRQHandler                 0x080001b3   Thumb Code     0  startup_stm32f10x_md.o(.text)
    DMA1_Channel4_IRQHandler                 0x080001b3   Thumb Code     0  startup_stm32f10x_md.o(.text)
    DMA1_Channel5_IRQHandler                 0x080001b3   Thumb Code     0  startup_stm32f10x_md.o(.text)
    DMA1_Channel6_IRQHandler                 0x080001b3   Thumb Code     0  startup_stm32f10x_md.o(.text)
    DMA1_Channel7_IRQHandler                 0x080001b3   Thumb Code     0  startup_stm32f10x_md.o(.text)
    EXTI0_IRQHandler                         0x080001b3   Thumb Code     0  startup_stm32f10x_md.o(.text)
    EXTI15_10_IRQHandler                     0x080001b3   Thumb Code     0  startup_stm32f10x_md.o(.text)
    EXTI1_IRQHandler                         0x080001b3   Thumb Code     0  startup_stm32f10x_md.o(.text)
    EXTI2_IRQHandler                         0x080001b3   Thumb Code     0  startup_stm32f10x_md.o(.text)
    EXTI3_IRQHandler                         0x080001b3   Thumb Code     0  startup_stm32f10x_md.o(.text)
    EXTI4_IRQHandler                         0x080001b3   Thumb Code     0  startup_stm32f10x_md.o(.text)
    EXTI9_5_IRQHandler                       0x080001b3   Thumb Code     0  startup_stm32f10x_md.o(.text)
    FLASH_IRQHandler                         0x080001b3   Thumb Code     0  startup_stm32f10x_md.o(.text)
    I2C1_ER_IRQHandler                       0x080001b3   Thumb Code     0  startup_stm32f10x_md.o(.text)
    I2C1_EV_IRQHandler                       0x080001b3   Thumb Code     0  startup_stm32f10x_md.o(.text)
    I2C2_ER_IRQHandler                       0x080001b3   Thumb Code     0  startup_stm32f10x_md.o(.text)
    I2C2_EV_IRQHandler                       0x080001b3   Thumb Code     0  startup_stm32f10x_md.o(.text)
    PVD_IRQHandler                           0x080001b3   Thumb Code     0  startup_stm32f10x_md.o(.text)
    RCC_IRQHandler                           0x080001b3   Thumb Code     0  startup_stm32f10x_md.o(.text)
    RTCAlarm_IRQHandler                      0x080001b3   Thumb Code     0  startup_stm32f10x_md.o(.text)
    RTC_IRQHandler                           0x080001b3   Thumb Code     0  startup_stm32f10x_md.o(.text)
    SPI1_IRQHandler                          0x080001b3   Thumb Code     0  startup_stm32f10x_md.o(.text)
    SPI2_IRQHandler                          0x080001b3   Thumb Code     0  startup_stm32f10x_md.o(.text)
    TAMPER_IRQHandler                        0x080001b3   Thumb Code     0  startup_stm32f10x_md.o(.text)
    TIM1_BRK_IRQHandler                      0x080001b3   Thumb Code     0  startup_stm32f10x_md.o(.text)
    TIM1_CC_IRQHandler                       0x080001b3   Thumb Code     0  startup_stm32f10x_md.o(.text)
    TIM1_TRG_COM_IRQHandler                  0x080001b3   Thumb Code     0  startup_stm32f10x_md.o(.text)
    TIM1_UP_IRQHandler                       0x080001b3   Thumb Code     0  startup_stm32f10x_md.o(.text)
    TIM3_IRQHandler                          0x080001b3   Thumb Code     0  startup_stm32f10x_md.o(.text)
    TIM4_IRQHandler                          0x080001b3   Thumb Code     0  startup_stm32f10x_md.o(.text)
    USART3_IRQHandler                        0x080001b3   Thumb Code     0  startup_stm32f10x_md.o(.text)
    USBWakeUp_IRQHandler                     0x080001b3   Thumb Code     0  startup_stm32f10x_md.o(.text)
    USB_HP_CAN1_TX_IRQHandler                0x080001b3   Thumb Code     0  startup_stm32f10x_md.o(.text)
    USB_LP_CAN1_RX0_IRQHandler               0x080001b3   Thumb Code     0  startup_stm32f10x_md.o(.text)
    WWDG_IRQHandler                          0x080001b3   Thumb Code     0  startup_stm32f10x_md.o(.text)
    __user_initial_stackheap                 0x080001b5   Thumb Code     0  startup_stm32f10x_md.o(.text)
    __use_no_semihosting                     0x080001d9   Thumb Code     2  use_no_semi_2.o(.text)
    atol                                     0x080001db   Thumb Code    26  atol.o(.text)
    strchr                                   0x080001f5   Thumb Code    20  strchr.o(.text)
    strncmp                                  0x08000209   Thumb Code   150  strncmp.o(.text)
    __use_two_region_memory                  0x0800029f   Thumb Code     2  heapauxi.o(.text)
    __rt_heap_escrow$2region                 0x080002a1   Thumb Code     2  heapauxi.o(.text)
    __rt_heap_expand$2region                 0x080002a3   Thumb Code     2  heapauxi.o(.text)
    __I$use$semihosting                      0x080002a5   Thumb Code     0  use_no_semi.o(.text)
    __use_no_semihosting_swi                 0x080002a5   Thumb Code     2  use_no_semi.o(.text)
    __aeabi_errno_addr                       0x080002a9   Thumb Code     8  rt_errno_addr_intlibspace.o(.text)
    __errno$intlibspace                      0x080002a9   Thumb Code     0  rt_errno_addr_intlibspace.o(.text)
    __rt_errno_addr$intlibspace              0x080002a9   Thumb Code     0  rt_errno_addr_intlibspace.o(.text)
    strtol                                   0x080002b1   Thumb Code   112  strtol.o(.text)
    __user_libspace                          0x08000321   Thumb Code     8  libspace.o(.text)
    __user_perproc_libspace                  0x08000321   Thumb Code     0  libspace.o(.text)
    __user_perthread_libspace                0x08000321   Thumb Code     0  libspace.o(.text)
    __rt_ctype_table                         0x08000329   Thumb Code    16  rt_ctype_table.o(.text)
    _strtoul                                 0x08000339   Thumb Code   158  _strtoul.o(.text)
    __user_setup_stackheap                   0x080003d7   Thumb Code    74  sys_stackheap_outer.o(.text)
    __rt_locale                              0x08000421   Thumb Code     8  rt_locale_intlibspace.o(.text)
    _chval                                   0x08000429   Thumb Code    28  _chval.o(.text)
    exit                                     0x08000445   Thumb Code    18  exit.o(.text)
    strcmp                                   0x08000459   Thumb Code   128  strcmpv7m.o(.text)
    APP_Control_Car                          0x080004d9   Thumb Code   398  online.o(i.APP_Control_Car)
    Beep_Init                                0x08000679   Thumb Code    50  bsp_beep.o(i.Beep_Init)
    BusFault_Handler                         0x080006b1   Thumb Code     4  stm32f10x_it.o(i.BusFault_Handler)
    DebugMon_Handler                         0x080006b5   Thumb Code     2  stm32f10x_it.o(i.DebugMon_Handler)
    Delay_ms                                 0x080006b9   Thumb Code    48  bsp_systick.o(i.Delay_ms)
    GENNERAL_TIM_Init                        0x08000741   Thumb Code    12  bsp_genneraltim.o(i.GENNERAL_TIM_Init)
    GPIO_Init                                0x08000775   Thumb Code   278  stm32f10x_gpio.o(i.GPIO_Init)
    GPIO_ResetBits                           0x0800088b   Thumb Code     4  stm32f10x_gpio.o(i.GPIO_ResetBits)
    GPIO_SetBits                             0x0800088f   Thumb Code     4  stm32f10x_gpio.o(i.GPIO_SetBits)
    HardFault_Handler                        0x08000893   Thumb Code     4  stm32f10x_it.o(i.HardFault_Handler)
    IsCarAddSpeed                            0x08000899   Thumb Code    24  online.o(i.IsCarAddSpeed)
    IsCarBack                                0x080008b9   Thumb Code    36  online.o(i.IsCarBack)
    IsCarBeep                                0x080008ed   Thumb Code    24  online.o(i.IsCarBeep)
    IsCarFront                               0x0800090d   Thumb Code    36  online.o(i.IsCarFront)
    IsCarLED                                 0x08000941   Thumb Code    24  online.o(i.IsCarLED)
    IsCarLeft                                0x08000961   Thumb Code    36  online.o(i.IsCarLeft)
    IsCarNoBeep                              0x08000995   Thumb Code    24  online.o(i.IsCarNoBeep)
    IsCarRight                               0x080009b5   Thumb Code    36  online.o(i.IsCarRight)
    IsCarSlowSpeed                           0x080009e9   Thumb Code    24  online.o(i.IsCarSlowSpeed)
    IsCarStop                                0x08000a09   Thumb Code   138  online.o(i.IsCarStop)
    IsServo0                                 0x08000ae5   Thumb Code    24  online.o(i.IsServo0)
    IsServo1                                 0x08000b05   Thumb Code    24  online.o(i.IsServo1)
    IsServo2                                 0x08000b25   Thumb Code    24  online.o(i.IsServo2)
    IsServo3                                 0x08000b45   Thumb Code    24  online.o(i.IsServo3)
    IsServo4                                 0x08000b65   Thumb Code    24  online.o(i.IsServo4)
    IsServo5                                 0x08000b85   Thumb Code    24  online.o(i.IsServo5)
    LED_Init                                 0x08000ba5   Thumb Code    60  bsp_led.o(i.LED_Init)
    MOTOR_GPIO_Config                        0x08000be5   Thumb Code    40  bsp_motor.o(i.MOTOR_GPIO_Config)
    MOTOR_PWM2_Config                        0x08000cb5   Thumb Code   160  bsp_motor.o(i.MOTOR_PWM2_Config)
    MemManage_Handler                        0x08000d59   Thumb Code     4  stm32f10x_it.o(i.MemManage_Handler)
    Motor_Init                               0x08000d5d   Thumb Code    28  bsp_motor.o(i.Motor_Init)
    NMI_Handler                              0x08000d79   Thumb Code     2  stm32f10x_it.o(i.NMI_Handler)
    NVIC_Init                                0x08000d7d   Thumb Code   100  misc.o(i.NVIC_Init)
    NVIC_PriorityGroupConfig                 0x08000ded   Thumb Code    10  misc.o(i.NVIC_PriorityGroupConfig)
    PS2_ClearHandleData                      0x08000e01   Thumb Code    20  bsp_ps2.o(i.PS2_ClearHandleData)
    PS2_Cmd                                  0x08000e19   Thumb Code   124  bsp_ps2.o(i.PS2_Cmd)
    PS2_Control_Car                          0x08000ea1   Thumb Code   650  bsp_ps2.o(i.PS2_Control_Car)
    PS2_GetKey                               0x08001145   Thumb Code    70  bsp_ps2.o(i.PS2_GetKey)
    PS2_GetMode                              0x08001199   Thumb Code    60  bsp_ps2.o(i.PS2_GetMode)
    PS2_GetRockerAnologData                  0x080011e5   Thumb Code     8  bsp_ps2.o(i.PS2_GetRockerAnologData)
    PS2_Init                                 0x080011f1   Thumb Code    62  bsp_ps2.o(i.PS2_Init)
    PS2_ReadHandleData                       0x08001235   Thumb Code   154  bsp_ps2.o(i.PS2_ReadHandleData)
    PendSV_Handler                           0x080012e1   Thumb Code     2  stm32f10x_it.o(i.PendSV_Handler)
    RCC_APB1PeriphClockCmd                   0x080012e5   Thumb Code    26  stm32f10x_rcc.o(i.RCC_APB1PeriphClockCmd)
    RCC_APB1PeriphResetCmd                   0x08001305   Thumb Code    26  stm32f10x_rcc.o(i.RCC_APB1PeriphResetCmd)
    RCC_APB2PeriphClockCmd                   0x08001325   Thumb Code    26  stm32f10x_rcc.o(i.RCC_APB2PeriphClockCmd)
    RCC_APB2PeriphResetCmd                   0x08001345   Thumb Code    26  stm32f10x_rcc.o(i.RCC_APB2PeriphResetCmd)
    RCC_GetClocksFreq                        0x08001365   Thumb Code   192  stm32f10x_rcc.o(i.RCC_GetClocksFreq)
    SVC_Handler                              0x08001439   Thumb Code     2  stm32f10x_it.o(i.SVC_Handler)
    Servo0_Control                           0x0800143d   Thumb Code    34  online.o(i.Servo0_Control)
    Servo1_Control                           0x08001465   Thumb Code    34  online.o(i.Servo1_Control)
    Servo2_Control                           0x0800148d   Thumb Code    34  online.o(i.Servo2_Control)
    Servo3_Control                           0x080014b5   Thumb Code    34  online.o(i.Servo3_Control)
    Servo4_Control                           0x080014dd   Thumb Code    34  online.o(i.Servo4_Control)
    Servo5_Control                           0x08001505   Thumb Code    34  online.o(i.Servo5_Control)
    Servo_Control                            0x0800152d   Thumb Code   504  bsp_servo.o(i.Servo_Control)
    Servor_Init                              0x08001739   Thumb Code    56  bsp_servo.o(i.Servor_Init)
    Servor_parse                             0x08001779   Thumb Code   230  online.o(i.Servor_parse)
    SetMotorPWM1                             0x08001869   Thumb Code    32  bsp_motor.o(i.SetMotorPWM1)
    SetMotorPWM2                             0x0800188d   Thumb Code    32  bsp_motor.o(i.SetMotorPWM2)
    SysTick_Delay_Us                         0x080019ed   Thumb Code    64  bsp_systick.o(i.SysTick_Delay_Us)
    SysTick_Handler                          0x08001a35   Thumb Code     8  stm32f10x_it.o(i.SysTick_Handler)
    SystemInit                               0x08001a3d   Thumb Code    78  system_stm32f10x.o(i.SystemInit)
    TIM2_IRQHandler                          0x08001a9d   Thumb Code    34  stm32f10x_it.o(i.TIM2_IRQHandler)
    TIM_ARRPreloadConfig                     0x08001abf   Thumb Code    24  stm32f10x_tim.o(i.TIM_ARRPreloadConfig)
    TIM_ClearFlag                            0x08001ad7   Thumb Code     6  stm32f10x_tim.o(i.TIM_ClearFlag)
    TIM_ClearITPendingBit                    0x08001add   Thumb Code     6  stm32f10x_tim.o(i.TIM_ClearITPendingBit)
    TIM_Cmd                                  0x08001ae3   Thumb Code    24  stm32f10x_tim.o(i.TIM_Cmd)
    TIM_DeInit                               0x08001afd   Thumb Code   424  stm32f10x_tim.o(i.TIM_DeInit)
    TIM_GetITStatus                          0x08001ce5   Thumb Code    34  stm32f10x_tim.o(i.TIM_GetITStatus)
    TIM_ITConfig                             0x08001d07   Thumb Code    18  stm32f10x_tim.o(i.TIM_ITConfig)
    TIM_OC3Init                              0x08001d19   Thumb Code   150  stm32f10x_tim.o(i.TIM_OC3Init)
    TIM_OC3PreloadConfig                     0x08001db9   Thumb Code    18  stm32f10x_tim.o(i.TIM_OC3PreloadConfig)
    TIM_OC4Init                              0x08001dcd   Thumb Code   114  stm32f10x_tim.o(i.TIM_OC4Init)
    TIM_OC4PreloadConfig                     0x08001e49   Thumb Code    26  stm32f10x_tim.o(i.TIM_OC4PreloadConfig)
    TIM_SetAutoreload                        0x08001e63   Thumb Code     4  stm32f10x_tim.o(i.TIM_SetAutoreload)
    TIM_SetCompare3                          0x08001e67   Thumb Code     4  stm32f10x_tim.o(i.TIM_SetCompare3)
    TIM_SetCompare4                          0x08001e6b   Thumb Code     6  stm32f10x_tim.o(i.TIM_SetCompare4)
    TIM_TimeBaseInit                         0x08001e71   Thumb Code   122  stm32f10x_tim.o(i.TIM_TimeBaseInit)
    TimingDelay_Decrement                    0x08001f15   Thumb Code    18  bsp_systick.o(i.TimingDelay_Decrement)
    USART1_IRQHandler                        0x08001f2d   Thumb Code   114  stm32f10x_it.o(i.USART1_IRQHandler)
    USART2_IRQHandler                        0x08001fb1   Thumb Code    26  stm32f10x_it.o(i.USART2_IRQHandler)
    USART_ClearITPendingBit                  0x08001fd1   Thumb Code    30  stm32f10x_usart.o(i.USART_ClearITPendingBit)
    USART_Cmd                                0x08001fef   Thumb Code    24  stm32f10x_usart.o(i.USART_Cmd)
    USART_DXBT18_Init                        0x0800204d   Thumb Code    16  bsp_usart.o(i.USART_DXBT18_Init)
    USART_GetITStatus                        0x080020d3   Thumb Code    84  stm32f10x_usart.o(i.USART_GetITStatus)
    USART_ITConfig                           0x08002127   Thumb Code    74  stm32f10x_usart.o(i.USART_ITConfig)
    USART_Init                               0x08002171   Thumb Code   210  stm32f10x_usart.o(i.USART_Init)
    USART_ReceiveData                        0x08002249   Thumb Code    10  stm32f10x_usart.o(i.USART_ReceiveData)
    USART_WIFI_Init                          0x08002295   Thumb Code    16  bsp_usart.o(i.USART_WIFI_Init)
    UsageFault_Handler                       0x08002317   Thumb Code     4  stm32f10x_it.o(i.UsageFault_Handler)
    _sys_exit                                0x0800231b   Thumb Code     6  bsp_system.o(i._sys_exit)
    main                                     0x08002321   Thumb Code    44  main.o(i.main)
    _get_lc_ctype                            0x0800234d   Thumb Code    44  lc_ctype_c.o(locale$$code)
    Region$$Table$$Base                      0x08002378   Number         0  anon$$obj.o(Region$$Table)
    Region$$Table$$Limit                     0x08002398   Number         0  anon$$obj.o(Region$$Table)
    __ctype                                  0x080023a5   Data           0  lc_ctype_c.o(locale$$data)
    SystemCoreClock                          0x20000000   Data           4  system_stm32f10x.o(.data)
    AHBPrescTable                            0x20000004   Data          16  system_stm32f10x.o(.data)
    Motor_PWM                                0x20000030   Data           4  bsp_motor.o(.data)
    Servo_PCM                                0x20000034   Data          18  bsp_servo.o(.data)
    Servo_2Count                             0x20000046   Data           1  bsp_servo.o(.data)
    led_time                                 0x20000048   Data           4  bsp_servo.o(.data)
    time                                     0x2000004c   Data           1  bsp_servo.o(.data)
    KeyData                                  0x20000050   Data           2  bsp_ps2.o(.data)
    Command                                  0x20000052   Data           2  bsp_ps2.o(.data)
    Keys                                     0x20000054   Data          32  bsp_ps2.o(.data)
    LX_AD                                    0x20000074   Data           4  bsp_ps2.o(.data)
    LY_AD                                    0x20000078   Data           4  bsp_ps2.o(.data)
    RX_AD                                    0x2000007c   Data           4  bsp_ps2.o(.data)
    RY_AD                                    0x20000080   Data           4  bsp_ps2.o(.data)
    key                                      0x20000084   Data           4  bsp_ps2.o(.data)
    key_bak                                  0x20000088   Data           4  bsp_ps2.o(.data)
    ps2_mode                                 0x2000008c   Data           1  bsp_ps2.o(.data)
    USART_RX_STA                             0x2000008e   Data           2  bsp_usart.o(.data)
    recvFinish_flag                          0x20000090   Data           1  bsp_usart.o(.data)
    Servo_PCM_Temp                           0x20000092   Data          16  online.o(.data)
    HandleData                               0x200000a4   Data           9  bsp_ps2.o(.bss)
    USART_RX_BUF                             0x200000ad   Data         200  bsp_usart.o(.bss)
    USART_WIFI_RECV_BUF                      0x20000175   Data         200  bsp_usart.o(.bss)
    USART_DXBT18_RECV_BUF                    0x2000023d   Data         200  bsp_usart.o(.bss)
    __libspace_start                         0x20000308   Data          96  libspace.o(.bss)
    __temporary_stack_top$libspace           0x20000368   Data           0  libspace.o(.bss)



==============================================================================

Memory Map of the image

  Image Entry point : 0x080000ed

  Load Region LR_IROM1 (Base: 0x08000000, Size: 0x0000254c, Max: 0x00010000, ABSOLUTE)

    Execution Region ER_IROM1 (Exec base: 0x08000000, Load base: 0x08000000, Size: 0x000024a8, Max: 0x00010000, ABSOLUTE)

    Exec Addr    Load Addr    Size         Type   Attr      Idx    E Section Name        Object

    0x08000000   0x08000000   0x000000ec   Data   RO            3    RESET               startup_stm32f10x_md.o
    0x080000ec   0x080000ec   0x00000008   Code   RO         3793  * !!!main             c_w.l(__main.o)
    0x080000f4   0x080000f4   0x00000034   Code   RO         3973    !!!scatter          c_w.l(__scatter.o)
    0x08000128   0x08000128   0x0000001a   Code   RO         3975    !!handler_copy      c_w.l(__scatter_copy.o)
    0x08000142   0x08000142   0x00000002   PAD
    0x08000144   0x08000144   0x0000001c   Code   RO         3977    !!handler_zi        c_w.l(__scatter_zi.o)
    0x08000160   0x08000160   0x00000002   Code   RO         3846    .ARM.Collect$$libinit$$00000000  c_w.l(libinit.o)
    0x08000162   0x08000162   0x00000000   Code   RO         3852    .ARM.Collect$$libinit$$00000002  c_w.l(libinit2.o)
    0x08000162   0x08000162   0x00000000   Code   RO         3854    .ARM.Collect$$libinit$$00000004  c_w.l(libinit2.o)
    0x08000162   0x08000162   0x00000000   Code   RO         3857    .ARM.Collect$$libinit$$0000000A  c_w.l(libinit2.o)
    0x08000162   0x08000162   0x00000000   Code   RO         3859    .ARM.Collect$$libinit$$0000000C  c_w.l(libinit2.o)
    0x08000162   0x08000162   0x00000000   Code   RO         3861    .ARM.Collect$$libinit$$0000000E  c_w.l(libinit2.o)
    0x08000162   0x08000162   0x00000006   Code   RO         3862    .ARM.Collect$$libinit$$0000000F  c_w.l(libinit2.o)
    0x08000168   0x08000168   0x00000000   Code   RO         3864    .ARM.Collect$$libinit$$00000011  c_w.l(libinit2.o)
    0x08000168   0x08000168   0x0000000c   Code   RO         3865    .ARM.Collect$$libinit$$00000012  c_w.l(libinit2.o)
    0x08000174   0x08000174   0x00000000   Code   RO         3866    .ARM.Collect$$libinit$$00000013  c_w.l(libinit2.o)
    0x08000174   0x08000174   0x00000000   Code   RO         3868    .ARM.Collect$$libinit$$00000015  c_w.l(libinit2.o)
    0x08000174   0x08000174   0x00000000   Code   RO         3870    .ARM.Collect$$libinit$$00000017  c_w.l(libinit2.o)
    0x08000174   0x08000174   0x00000000   Code   RO         3872    .ARM.Collect$$libinit$$00000019  c_w.l(libinit2.o)
    0x08000174   0x08000174   0x00000000   Code   RO         3874    .ARM.Collect$$libinit$$0000001B  c_w.l(libinit2.o)
    0x08000174   0x08000174   0x00000000   Code   RO         3876    .ARM.Collect$$libinit$$0000001D  c_w.l(libinit2.o)
    0x08000174   0x08000174   0x00000000   Code   RO         3878    .ARM.Collect$$libinit$$0000001F  c_w.l(libinit2.o)
    0x08000174   0x08000174   0x00000000   Code   RO         3880    .ARM.Collect$$libinit$$00000021  c_w.l(libinit2.o)
    0x08000174   0x08000174   0x00000000   Code   RO         3882    .ARM.Collect$$libinit$$00000023  c_w.l(libinit2.o)
    0x08000174   0x08000174   0x00000000   Code   RO         3884    .ARM.Collect$$libinit$$00000025  c_w.l(libinit2.o)
    0x08000174   0x08000174   0x00000000   Code   RO         3888    .ARM.Collect$$libinit$$0000002C  c_w.l(libinit2.o)
    0x08000174   0x08000174   0x00000000   Code   RO         3890    .ARM.Collect$$libinit$$0000002E  c_w.l(libinit2.o)
    0x08000174   0x08000174   0x00000000   Code   RO         3892    .ARM.Collect$$libinit$$00000030  c_w.l(libinit2.o)
    0x08000174   0x08000174   0x00000000   Code   RO         3894    .ARM.Collect$$libinit$$00000032  c_w.l(libinit2.o)
    0x08000174   0x08000174   0x00000002   Code   RO         3895    .ARM.Collect$$libinit$$00000033  c_w.l(libinit2.o)
    0x08000176   0x08000176   0x00000002   Code   RO         3913    .ARM.Collect$$libshutdown$$00000000  c_w.l(libshutdown.o)
    0x08000178   0x08000178   0x00000000   Code   RO         3923    .ARM.Collect$$libshutdown$$00000002  c_w.l(libshutdown2.o)
    0x08000178   0x08000178   0x00000000   Code   RO         3925    .ARM.Collect$$libshutdown$$00000004  c_w.l(libshutdown2.o)
    0x08000178   0x08000178   0x00000000   Code   RO         3927    .ARM.Collect$$libshutdown$$00000006  c_w.l(libshutdown2.o)
    0x08000178   0x08000178   0x00000000   Code   RO         3930    .ARM.Collect$$libshutdown$$00000009  c_w.l(libshutdown2.o)
    0x08000178   0x08000178   0x00000000   Code   RO         3933    .ARM.Collect$$libshutdown$$0000000C  c_w.l(libshutdown2.o)
    0x08000178   0x08000178   0x00000000   Code   RO         3935    .ARM.Collect$$libshutdown$$0000000E  c_w.l(libshutdown2.o)
    0x08000178   0x08000178   0x00000000   Code   RO         3938    .ARM.Collect$$libshutdown$$00000011  c_w.l(libshutdown2.o)
    0x08000178   0x08000178   0x00000002   Code   RO         3939    .ARM.Collect$$libshutdown$$00000012  c_w.l(libshutdown2.o)
    0x0800017a   0x0800017a   0x00000000   Code   RO         3797    .ARM.Collect$$rtentry$$00000000  c_w.l(__rtentry.o)
    0x0800017a   0x0800017a   0x00000000   Code   RO         3809    .ARM.Collect$$rtentry$$00000002  c_w.l(__rtentry2.o)
    0x0800017a   0x0800017a   0x00000006   Code   RO         3821    .ARM.Collect$$rtentry$$00000004  c_w.l(__rtentry4.o)
    0x08000180   0x08000180   0x00000000   Code   RO         3811    .ARM.Collect$$rtentry$$00000009  c_w.l(__rtentry2.o)
    0x08000180   0x08000180   0x00000004   Code   RO         3812    .ARM.Collect$$rtentry$$0000000A  c_w.l(__rtentry2.o)
    0x08000184   0x08000184   0x00000000   Code   RO         3814    .ARM.Collect$$rtentry$$0000000C  c_w.l(__rtentry2.o)
    0x08000184   0x08000184   0x00000008   Code   RO         3815    .ARM.Collect$$rtentry$$0000000D  c_w.l(__rtentry2.o)
    0x0800018c   0x0800018c   0x00000002   Code   RO         3847    .ARM.Collect$$rtexit$$00000000  c_w.l(rtexit.o)
    0x0800018e   0x0800018e   0x00000000   Code   RO         3897    .ARM.Collect$$rtexit$$00000002  c_w.l(rtexit2.o)
    0x0800018e   0x0800018e   0x00000004   Code   RO         3898    .ARM.Collect$$rtexit$$00000003  c_w.l(rtexit2.o)
    0x08000192   0x08000192   0x00000006   Code   RO         3899    .ARM.Collect$$rtexit$$00000004  c_w.l(rtexit2.o)
    0x08000198   0x08000198   0x00000040   Code   RO            4    .text               startup_stm32f10x_md.o
    0x080001d8   0x080001d8   0x00000002   Code   RO         3783    .text               c_w.l(use_no_semi_2.o)
    0x080001da   0x080001da   0x0000001a   Code   RO         3785    .text               c_w.l(atol.o)
    0x080001f4   0x080001f4   0x00000014   Code   RO         3787    .text               c_w.l(strchr.o)
    0x08000208   0x08000208   0x00000096   Code   RO         3789    .text               c_w.l(strncmp.o)
    0x0800029e   0x0800029e   0x00000006   Code   RO         3791    .text               c_w.l(heapauxi.o)
    0x080002a4   0x080002a4   0x00000002   Code   RO         3795    .text               c_w.l(use_no_semi.o)
    0x080002a6   0x080002a6   0x00000002   PAD
    0x080002a8   0x080002a8   0x00000008   Code   RO         3801    .text               c_w.l(rt_errno_addr_intlibspace.o)
    0x080002b0   0x080002b0   0x00000070   Code   RO         3803    .text               c_w.l(strtol.o)
    0x08000320   0x08000320   0x00000008   Code   RO         3805    .text               c_w.l(libspace.o)
    0x08000328   0x08000328   0x00000010   Code   RO         3823    .text               c_w.l(rt_ctype_table.o)
    0x08000338   0x08000338   0x0000009e   Code   RO         3825    .text               c_w.l(_strtoul.o)
    0x080003d6   0x080003d6   0x0000004a   Code   RO         3827    .text               c_w.l(sys_stackheap_outer.o)
    0x08000420   0x08000420   0x00000008   Code   RO         3832    .text               c_w.l(rt_locale_intlibspace.o)
    0x08000428   0x08000428   0x0000001c   Code   RO         3834    .text               c_w.l(_chval.o)
    0x08000444   0x08000444   0x00000012   Code   RO         3839    .text               c_w.l(exit.o)
    0x08000456   0x08000456   0x00000002   PAD
    0x08000458   0x08000458   0x00000080   Code   RO         3849    .text               c_w.l(strcmpv7m.o)
    0x080004d8   0x080004d8   0x000001a0   Code   RO         3618    i.APP_Control_Car   online.o
    0x08000678   0x08000678   0x00000038   Code   RO         3319    i.Beep_Init         bsp_beep.o
    0x080006b0   0x080006b0   0x00000004   Code   RO         3168    i.BusFault_Handler  stm32f10x_it.o
    0x080006b4   0x080006b4   0x00000002   Code   RO         3169    i.DebugMon_Handler  stm32f10x_it.o
    0x080006b6   0x080006b6   0x00000002   PAD
    0x080006b8   0x080006b8   0x00000034   Code   RO         3272    i.Delay_ms          bsp_systick.o
    0x080006ec   0x080006ec   0x00000054   Code   RO         3543    i.GENNERAL_TIM_Config  bsp_genneraltim.o
    0x08000740   0x08000740   0x0000000c   Code   RO         3544    i.GENNERAL_TIM_Init  bsp_genneraltim.o
    0x0800074c   0x0800074c   0x00000028   Code   RO         3545    i.GENNERAL_TIM_NVIC_Config  bsp_genneraltim.o
    0x08000774   0x08000774   0x00000116   Code   RO         1292    i.GPIO_Init         stm32f10x_gpio.o
    0x0800088a   0x0800088a   0x00000004   Code   RO         1299    i.GPIO_ResetBits    stm32f10x_gpio.o
    0x0800088e   0x0800088e   0x00000004   Code   RO         1300    i.GPIO_SetBits      stm32f10x_gpio.o
    0x08000892   0x08000892   0x00000004   Code   RO         3170    i.HardFault_Handler  stm32f10x_it.o
    0x08000896   0x08000896   0x00000002   PAD
    0x08000898   0x08000898   0x00000020   Code   RO         3619    i.IsCarAddSpeed     online.o
    0x080008b8   0x080008b8   0x00000034   Code   RO         3620    i.IsCarBack         online.o
    0x080008ec   0x080008ec   0x00000020   Code   RO         3621    i.IsCarBeep         online.o
    0x0800090c   0x0800090c   0x00000034   Code   RO         3622    i.IsCarFront        online.o
    0x08000940   0x08000940   0x00000020   Code   RO         3623    i.IsCarLED          online.o
    0x08000960   0x08000960   0x00000034   Code   RO         3624    i.IsCarLeft         online.o
    0x08000994   0x08000994   0x00000020   Code   RO         3625    i.IsCarNoBeep       online.o
    0x080009b4   0x080009b4   0x00000034   Code   RO         3626    i.IsCarRight        online.o
    0x080009e8   0x080009e8   0x00000020   Code   RO         3627    i.IsCarSlowSpeed    online.o
    0x08000a08   0x08000a08   0x000000dc   Code   RO         3628    i.IsCarStop         online.o
    0x08000ae4   0x08000ae4   0x00000020   Code   RO         3629    i.IsServo0          online.o
    0x08000b04   0x08000b04   0x00000020   Code   RO         3630    i.IsServo1          online.o
    0x08000b24   0x08000b24   0x00000020   Code   RO         3631    i.IsServo2          online.o
    0x08000b44   0x08000b44   0x00000020   Code   RO         3632    i.IsServo3          online.o
    0x08000b64   0x08000b64   0x00000020   Code   RO         3633    i.IsServo4          online.o
    0x08000b84   0x08000b84   0x00000020   Code   RO         3634    i.IsServo5          online.o
    0x08000ba4   0x08000ba4   0x00000040   Code   RO         3254    i.LED_Init          bsp_led.o
    0x08000be4   0x08000be4   0x0000002c   Code   RO         3331    i.MOTOR_GPIO_Config  bsp_motor.o
    0x08000c10   0x08000c10   0x000000a4   Code   RO         3332    i.MOTOR_PWM1_Config  bsp_motor.o
    0x08000cb4   0x08000cb4   0x000000a4   Code   RO         3333    i.MOTOR_PWM2_Config  bsp_motor.o
    0x08000d58   0x08000d58   0x00000004   Code   RO         3171    i.MemManage_Handler  stm32f10x_it.o
    0x08000d5c   0x08000d5c   0x0000001c   Code   RO         3334    i.Motor_Init        bsp_motor.o
    0x08000d78   0x08000d78   0x00000002   Code   RO         3172    i.NMI_Handler       stm32f10x_it.o
    0x08000d7a   0x08000d7a   0x00000002   PAD
    0x08000d7c   0x08000d7c   0x00000070   Code   RO          137    i.NVIC_Init         misc.o
    0x08000dec   0x08000dec   0x00000014   Code   RO          138    i.NVIC_PriorityGroupConfig  misc.o
    0x08000e00   0x08000e00   0x00000018   Code   RO         3403    i.PS2_ClearHandleData  bsp_ps2.o
    0x08000e18   0x08000e18   0x00000088   Code   RO         3404    i.PS2_Cmd           bsp_ps2.o
    0x08000ea0   0x08000ea0   0x000002a4   Code   RO         3405    i.PS2_Control_Car   bsp_ps2.o
    0x08001144   0x08001144   0x00000054   Code   RO         3406    i.PS2_GetKey        bsp_ps2.o
    0x08001198   0x08001198   0x0000004c   Code   RO         3407    i.PS2_GetMode       bsp_ps2.o
    0x080011e4   0x080011e4   0x0000000c   Code   RO         3408    i.PS2_GetRockerAnologData  bsp_ps2.o
    0x080011f0   0x080011f0   0x00000044   Code   RO         3409    i.PS2_Init          bsp_ps2.o
    0x08001234   0x08001234   0x000000ac   Code   RO         3410    i.PS2_ReadHandleData  bsp_ps2.o
    0x080012e0   0x080012e0   0x00000002   Code   RO         3173    i.PendSV_Handler    stm32f10x_it.o
    0x080012e2   0x080012e2   0x00000002   PAD
    0x080012e4   0x080012e4   0x00000020   Code   RO         1708    i.RCC_APB1PeriphClockCmd  stm32f10x_rcc.o
    0x08001304   0x08001304   0x00000020   Code   RO         1709    i.RCC_APB1PeriphResetCmd  stm32f10x_rcc.o
    0x08001324   0x08001324   0x00000020   Code   RO         1710    i.RCC_APB2PeriphClockCmd  stm32f10x_rcc.o
    0x08001344   0x08001344   0x00000020   Code   RO         1711    i.RCC_APB2PeriphResetCmd  stm32f10x_rcc.o
    0x08001364   0x08001364   0x000000d4   Code   RO         1718    i.RCC_GetClocksFreq  stm32f10x_rcc.o
    0x08001438   0x08001438   0x00000002   Code   RO         3174    i.SVC_Handler       stm32f10x_it.o
    0x0800143a   0x0800143a   0x00000002   PAD
    0x0800143c   0x0800143c   0x00000028   Code   RO         3635    i.Servo0_Control    online.o
    0x08001464   0x08001464   0x00000028   Code   RO         3636    i.Servo1_Control    online.o
    0x0800148c   0x0800148c   0x00000028   Code   RO         3637    i.Servo2_Control    online.o
    0x080014b4   0x080014b4   0x00000028   Code   RO         3638    i.Servo3_Control    online.o
    0x080014dc   0x080014dc   0x00000028   Code   RO         3639    i.Servo4_Control    online.o
    0x08001504   0x08001504   0x00000028   Code   RO         3640    i.Servo5_Control    online.o
    0x0800152c   0x0800152c   0x0000020c   Code   RO         3378    i.Servo_Control     bsp_servo.o
    0x08001738   0x08001738   0x00000040   Code   RO         3379    i.Servor_Init       bsp_servo.o
    0x08001778   0x08001778   0x000000f0   Code   RO         3641    i.Servor_parse      online.o
    0x08001868   0x08001868   0x00000024   Code   RO         3335    i.SetMotorPWM1      bsp_motor.o
    0x0800188c   0x0800188c   0x00000024   Code   RO         3336    i.SetMotorPWM2      bsp_motor.o
    0x080018b0   0x080018b0   0x00000008   Code   RO           24    i.SetSysClock       system_stm32f10x.o
    0x080018b8   0x080018b8   0x000000e0   Code   RO           25    i.SetSysClockTo72   system_stm32f10x.o
    0x08001998   0x08001998   0x00000054   Code   RO         3273    i.SysTick_Config    bsp_systick.o
    0x080019ec   0x080019ec   0x00000048   Code   RO         3275    i.SysTick_Delay_Us  bsp_systick.o
    0x08001a34   0x08001a34   0x00000008   Code   RO         3175    i.SysTick_Handler   stm32f10x_it.o
    0x08001a3c   0x08001a3c   0x00000060   Code   RO           27    i.SystemInit        system_stm32f10x.o
    0x08001a9c   0x08001a9c   0x00000022   Code   RO         3176    i.TIM2_IRQHandler   stm32f10x_it.o
    0x08001abe   0x08001abe   0x00000018   Code   RO         2330    i.TIM_ARRPreloadConfig  stm32f10x_tim.o
    0x08001ad6   0x08001ad6   0x00000006   Code   RO         2336    i.TIM_ClearFlag     stm32f10x_tim.o
    0x08001adc   0x08001adc   0x00000006   Code   RO         2337    i.TIM_ClearITPendingBit  stm32f10x_tim.o
    0x08001ae2   0x08001ae2   0x00000018   Code   RO         2342    i.TIM_Cmd           stm32f10x_tim.o
    0x08001afa   0x08001afa   0x00000002   PAD
    0x08001afc   0x08001afc   0x000001e8   Code   RO         2347    i.TIM_DeInit        stm32f10x_tim.o
    0x08001ce4   0x08001ce4   0x00000022   Code   RO         2363    i.TIM_GetITStatus   stm32f10x_tim.o
    0x08001d06   0x08001d06   0x00000012   Code   RO         2367    i.TIM_ITConfig      stm32f10x_tim.o
    0x08001d18   0x08001d18   0x000000a0   Code   RO         2381    i.TIM_OC3Init       stm32f10x_tim.o
    0x08001db8   0x08001db8   0x00000012   Code   RO         2384    i.TIM_OC3PreloadConfig  stm32f10x_tim.o
    0x08001dca   0x08001dca   0x00000002   PAD
    0x08001dcc   0x08001dcc   0x0000007c   Code   RO         2386    i.TIM_OC4Init       stm32f10x_tim.o
    0x08001e48   0x08001e48   0x0000001a   Code   RO         2388    i.TIM_OC4PreloadConfig  stm32f10x_tim.o
    0x08001e62   0x08001e62   0x00000004   Code   RO         2401    i.TIM_SetAutoreload  stm32f10x_tim.o
    0x08001e66   0x08001e66   0x00000004   Code   RO         2405    i.TIM_SetCompare3   stm32f10x_tim.o
    0x08001e6a   0x08001e6a   0x00000006   Code   RO         2406    i.TIM_SetCompare4   stm32f10x_tim.o
    0x08001e70   0x08001e70   0x000000a4   Code   RO         2413    i.TIM_TimeBaseInit  stm32f10x_tim.o
    0x08001f14   0x08001f14   0x00000018   Code   RO         3277    i.TimingDelay_Decrement  bsp_systick.o
    0x08001f2c   0x08001f2c   0x00000084   Code   RO         3177    i.USART1_IRQHandler  stm32f10x_it.o
    0x08001fb0   0x08001fb0   0x00000020   Code   RO         3178    i.USART2_IRQHandler  stm32f10x_it.o
    0x08001fd0   0x08001fd0   0x0000001e   Code   RO         2875    i.USART_ClearITPendingBit  stm32f10x_usart.o
    0x08001fee   0x08001fee   0x00000018   Code   RO         2878    i.USART_Cmd         stm32f10x_usart.o
    0x08002006   0x08002006   0x00000002   PAD
    0x08002008   0x08002008   0x00000044   Code   RO         3461    i.USART_DXBT18_GPIO_Config  bsp_usart.o
    0x0800204c   0x0800204c   0x00000010   Code   RO         3462    i.USART_DXBT18_Init  bsp_usart.o
    0x0800205c   0x0800205c   0x0000004c   Code   RO         3463    i.USART_DXBT18_Mode_Config  bsp_usart.o
    0x080020a8   0x080020a8   0x0000002a   Code   RO         3464    i.USART_DXBT18_NVIC_Config  bsp_usart.o
    0x080020d2   0x080020d2   0x00000054   Code   RO         2882    i.USART_GetITStatus  stm32f10x_usart.o
    0x08002126   0x08002126   0x0000004a   Code   RO         2884    i.USART_ITConfig    stm32f10x_usart.o
    0x08002170   0x08002170   0x000000d8   Code   RO         2885    i.USART_Init        stm32f10x_usart.o
    0x08002248   0x08002248   0x0000000a   Code   RO         2892    i.USART_ReceiveData  stm32f10x_usart.o
    0x08002252   0x08002252   0x00000002   PAD
    0x08002254   0x08002254   0x00000040   Code   RO         3465    i.USART_WIFI_GPIO_Config  bsp_usart.o
    0x08002294   0x08002294   0x00000010   Code   RO         3466    i.USART_WIFI_Init   bsp_usart.o
    0x080022a4   0x080022a4   0x0000004c   Code   RO         3467    i.USART_WIFI_Mode_Config  bsp_usart.o
    0x080022f0   0x080022f0   0x00000026   Code   RO         3468    i.USART_WIFI_NVIC_Config  bsp_usart.o
    0x08002316   0x08002316   0x00000004   Code   RO         3179    i.UsageFault_Handler  stm32f10x_it.o
    0x0800231a   0x0800231a   0x00000006   Code   RO         3581    i._sys_exit         bsp_system.o
    0x08002320   0x08002320   0x0000002c   Code   RO         3108    i.main              main.o
    0x0800234c   0x0800234c   0x0000002c   Code   RO         3837    locale$$code        c_w.l(lc_ctype_c.o)
    0x08002378   0x08002378   0x00000020   Data   RO         3971    Region$$Table       anon$$obj.o
    0x08002398   0x08002398   0x00000110   Data   RO         3836    locale$$data        c_w.l(lc_ctype_c.o)


    Execution Region RW_IRAM1 (Exec base: 0x20000000, Load base: 0x080024a8, Size: 0x00000968, Max: 0x00005000, ABSOLUTE)

    Exec Addr    Load Addr    Size         Type   Attr      Idx    E Section Name        Object

    0x20000000   0x080024a8   0x00000014   Data   RW           28    .data               system_stm32f10x.o
    0x20000014   0x080024bc   0x00000014   Data   RW         1738    .data               stm32f10x_rcc.o
    0x20000028   0x080024d0   0x00000004   Data   RW         3180    .data               stm32f10x_it.o
    0x2000002c   0x080024d4   0x00000004   Data   RW         3278    .data               bsp_systick.o
    0x20000030   0x080024d8   0x00000004   Data   RW         3337    .data               bsp_motor.o
    0x20000034   0x080024dc   0x00000019   Data   RW         3380    .data               bsp_servo.o
    0x2000004d   0x080024f5   0x00000003   PAD
    0x20000050   0x080024f8   0x0000003d   Data   RW         3412    .data               bsp_ps2.o
    0x2000008d   0x08002535   0x00000001   PAD
    0x2000008e   0x08002536   0x00000003   Data   RW         3474    .data               bsp_usart.o
    0x20000091   0x08002539   0x00000001   PAD
    0x20000092   0x0800253a   0x00000010   Data   RW         3642    .data               online.o
    0x200000a2   0x0800254a   0x00000002   PAD
    0x200000a4        -       0x00000009   Zero   RW         3411    .bss                bsp_ps2.o
    0x200000ad        -       0x00000258   Zero   RW         3473    .bss                bsp_usart.o
    0x20000305   0x0800254a   0x00000003   PAD
    0x20000308        -       0x00000060   Zero   RW         3806    .bss                c_w.l(libspace.o)
    0x20000368        -       0x00000200   Zero   RW            2    HEAP                startup_stm32f10x_md.o
    0x20000568        -       0x00000400   Zero   RW            1    STACK               startup_stm32f10x_md.o


==============================================================================

Image component sizes


      Code (inc. data)   RO Data    RW Data    ZI Data      Debug   Object Name

        56          6          0          0          0        480   bsp_beep.o
       136          0          0          0          0       1444   bsp_genneraltim.o
        64          4          0          0          0        479   bsp_led.o
       472         20          0          4          0       3539   bsp_motor.o
      1248        100          0         61          9       5442   bsp_ps2.o
       588         28          0         25          0       2107   bsp_servo.o
         6          0          0          0          0        484   bsp_system.o
       232         26          0          4          0      17589   bsp_systick.o
       396         24          0          3        600       4588   bsp_usart.o
         0          0          0          0          0       4532   core_cm3.o
        44          0          0          0          0        451   main.o
       132         22          0          0          0       1631   misc.o
      1676        298          0         16          0      14930   online.o
        64         26        236          0       1536        856   startup_stm32f10x_md.o
       286          0          0          0          0       3156   stm32f10x_gpio.o
       230         24          0          4          0       5224   stm32f10x_it.o
       340         44          0         20          0       5760   stm32f10x_rcc.o
      1106        126          0          0          0      10076   stm32f10x_tim.o
       438          6          0          0          0       5840   stm32f10x_usart.o
       328         28          0         20          0     249305   system_stm32f10x.o

    ----------------------------------------------------------------------
      7860        782        268        164       2148     337913   Object Totals
         0          0         32          0          0          0   (incl. Generated)
        18          0          0          7          3          0   (incl. Padding)

    ----------------------------------------------------------------------

      Code (inc. data)   RO Data    RW Data    ZI Data      Debug   Library Member Name

         8          0          0          0          0         68   __main.o
         0          0          0          0          0          0   __rtentry.o
        12          0          0          0          0          0   __rtentry2.o
         6          0          0          0          0          0   __rtentry4.o
        52          8          0          0          0          0   __scatter.o
        26          0          0          0          0          0   __scatter_copy.o
        28          0          0          0          0          0   __scatter_zi.o
        28          0          0          0          0         68   _chval.o
       158          0          0          0          0         92   _strtoul.o
        26          0          0          0          0         80   atol.o
        18          0          0          0          0         80   exit.o
         6          0          0          0          0        152   heapauxi.o
        44         10        272          0          0         76   lc_ctype_c.o
         2          0          0          0          0          0   libinit.o
        20          0          0          0          0          0   libinit2.o
         2          0          0          0          0          0   libshutdown.o
         2          0          0          0          0          0   libshutdown2.o
         8          4          0          0         96         68   libspace.o
        16          4          0          0          0         76   rt_ctype_table.o
         8          4          0          0          0         68   rt_errno_addr_intlibspace.o
         8          4          0          0          0         68   rt_locale_intlibspace.o
         2          0          0          0          0          0   rtexit.o
        10          0          0          0          0          0   rtexit2.o
        20          0          0          0          0         68   strchr.o
       128          0          0          0          0         68   strcmpv7m.o
       150          0          0          0          0         80   strncmp.o
       112          0          0          0          0         88   strtol.o
        74          0          0          0          0         80   sys_stackheap_outer.o
         2          0          0          0          0         68   use_no_semi.o
         2          0          0          0          0         68   use_no_semi_2.o

    ----------------------------------------------------------------------
       984         34        272          0         96       1416   Library Totals
         6          0          0          0          0          0   (incl. Padding)

    ----------------------------------------------------------------------

      Code (inc. data)   RO Data    RW Data    ZI Data      Debug   Library Name

       978         34        272          0         96       1416   c_w.l

    ----------------------------------------------------------------------
       984         34        272          0         96       1416   Library Totals

    ----------------------------------------------------------------------

==============================================================================


      Code (inc. data)   RO Data    RW Data    ZI Data      Debug   

      8844        816        540        164       2244     333345   Grand Totals
      8844        816        540        164       2244     333345   ELF Image Totals
      8844        816        540        164          0          0   ROM Totals

==============================================================================

    Total RO  Size (Code + RO Data)                 9384 (   9.16kB)
    Total RW  Size (RW Data + ZI Data)              2408 (   2.35kB)
    Total ROM Size (Code + RO Data + RW Data)       9548 (   9.32kB)

==============================================================================

